==========================================
Testing build38 GSSAPI Linking Fix
==========================================

Checking for GSSAPI/Kerberos libraries...
  ✓ Found libgssapi_krb5
  ✓ Found libkrb5
  ✓ Found libk5crypto
  ✓ Found libcom_err
  ✓ Found libkeyutils

Cleaning build directory...

Configuring with CMake...
-- The CXX compiler identification is GNU 13.3.0
-- The C compiler identification is GNU 13.3.0
-- Detecting CXX compiler ABI info
-- Detecting CXX compiler ABI info - done
-- Check for working CXX compiler: /usr/bin/c++ - skipped
-- Detecting CXX compile features
-- Detecting CXX compile features - done
-- Detecting C compiler ABI info
-- Detecting C compiler ABI info - done
-- Check for working C compiler: /usr/bin/cc - skipped
-- Detecting C compile features
-- Detecting C compile features - done
-- Build Environment: DEV
-- Configuring DEV build environment
-- ====================================================
-- Build Environment Configuration Summary
-- ====================================================
-- Environment: DEV
-- Build Type: RelWithDebInfo
-- Build Tests: ON
-- Build Examples: ON
-- Coverage: OFF
-- Sanitizers: ON
-- Static DTLS Link: ON
-- CXX Flags:  -fstack-protector-strong
-- Linker Flags: 
-- ====================================================
-- Found mbedTLS: /usr/lib/x86_64-linux-gnu/libmbedtls.so
-- DTLS Providers enabled: 1
-- Default DTLS Provider: mbedtls
-- Static DTLS linking enabled
--   Static library not found for mbedtls, using dynamic
--   Static library not found for mbedx509, using dynamic
--   Static library not found for mbedcrypto, using dynamic
-- ====================================================
-- DTLS Configuration Summary
-- ====================================================
-- DTLS Providers: 1
--   - mbedTLS: ON
--   - TinyDTLS: OFF
--   - OpenSSL: OFF
--   - wolfSSL: OFF
-- Default Provider: mbedtls
-- Static Linking: ON
-- Libraries: /usr/lib/x86_64-linux-gnu/libmbedtls.so;/usr/lib/x86_64-linux-gnu/libmbedx509.so;/usr/lib/x86_64-linux-gnu/libmbedcrypto.so
-- Linker Flags: -Wl,--gc-sections -Wl,--as-needed -Wl,-O1 -static-libgcc -static-libstdc++
-- ====================================================
-- Performing Test CMAKE_HAVE_LIBC_PTHREAD
-- Performing Test CMAKE_HAVE_LIBC_PTHREAD - Success
-- Found Threads: TRUE
-- Found ZLIB: /usr/lib/x86_64-linux-gnu/libz.a (found version "1.3")
-- Found CURL: /usr/local/lib/libcurl.a (found version "8.5.0")
-- Found OpenSSL: /usr/lib/x86_64-linux-gnu/libcrypto.a (found version "3.0.13")
-- Found GSSAPI via pkg-config: gssapi_krb5
-- Found nghttp2 for CURL HTTP/2: /usr/lib/x86_64-linux-gnu/libnghttp2.a
-- Found zstd compression for CURL: /usr/lib/x86_64-linux-gnu/libzstd.a
-- Found brotli compression for CURL: /usr/lib/x86_64-linux-gnu/libbrotlicommon.a, /usr/lib/x86_64-linux-gnu/libbrotlidec.a
-- Found OpenSSL for HTTPS/TLS: /usr/lib/x86_64-linux-gnu/libssl.a;/usr/lib/x86_64-linux-gnu/libcrypto.a
-- Found BZip2: /usr/lib/x86_64-linux-gnu/libbz2.a (found version "1.0.8")
-- Looking for BZ2_bzCompressInit
-- Looking for BZ2_bzCompressInit - found
-- Looking for lzma_auto_decoder in /usr/lib/x86_64-linux-gnu/liblzma.a
-- Looking for lzma_auto_decoder in /usr/lib/x86_64-linux-gnu/liblzma.a - found
-- Looking for lzma_easy_encoder in /usr/lib/x86_64-linux-gnu/liblzma.a
-- Looking for lzma_easy_encoder in /usr/lib/x86_64-linux-gnu/liblzma.a - found
-- Looking for lzma_lzma_preset in /usr/lib/x86_64-linux-gnu/liblzma.a
-- Looking for lzma_lzma_preset in /usr/lib/x86_64-linux-gnu/liblzma.a - found
-- Found LibLZMA: /usr/lib/x86_64-linux-gnu/liblzma.a (found version "5.4.5")
-- Found zstd: /usr/lib/x86_64-linux-gnu/libzstd.a
-- Found brotli: /usr/lib/x86_64-linux-gnu/libbrotlienc.a
-- Found GTest: /usr/lib/x86_64-linux-gnu/cmake/GTest/GTestConfig.cmake (found version "1.14.0")
-- Target 'friendly_lwm2m' linked with optimized DTLS libraries
-- Target 'test_dtls_providers' linked with optimized DTLS libraries
-- Target 'test_dtls_integration' linked with optimized DTLS libraries
-- Building for 64 bit system
-- Exceptions are not supported
-- RTTI is not supported
-- Found GSSAPI via pkg-config: gssapi_krb5
-- Found libssh for CURL: /usr/lib/x86_64-linux-gnu/libssh.a
-- Found nghttp2 for CURL: /usr/lib/x86_64-linux-gnu/libnghttp2.a
-- Found zstd for CURL: /usr/lib/x86_64-linux-gnu/libzstd.a
-- Found brotli for CURL: /usr/lib/x86_64-linux-gnu/libbrotlicommon.a, /usr/lib/x86_64-linux-gnu/libbrotlidec.a
-- Enabling mbedTLS provider
-- Found MbedTLS: /usr/lib/x86_64-linux-gnu/libmbedtls.a (found version "2.28.8")
-- DTLS Provider Sources: platform/connection_dtls/MbedTlsProvider.cpp;platform/connection_dtls/DtlsProviderFactory.cpp
-- DTLS Provider Libraries: MbedTLS::mbedtls;MbedTLS::mbedx509;MbedTLS::mbedcrypto
-- friendly_example_client: Endiannes not set, defaulting to little endian
-- libcoap built successfully. Library path: /mnt/d/Dev/Friendly-LwM2M-Client/examples/coap/libcoap/build
-- Using example Firmware Updater
-- 
-- Friendly LwM2M Client Configuration:
--   Version:          1.2.2
--   Build type:       RelWithDebInfo
--   C++ Standard:     17
-- 
-- Core Features:
--   DTLS:             ON
--   mbedTLS:          ON
--   TinyDTLS:         OFF
-- 
-- DTLS Multi-Provider (v1.2.2):
--   TinyDTLS Provider: OFF
--   mbedTLS Provider:  ON (DEFAULT)
--   OpenSSL Provider:  OFF
--   wolfSSL Provider:  OFF
--   Default Provider:  mbedtls
--   Static Linking:    ON
--   Delta FOTA:       ON
--   BSDIFF:           ON
--   VCDIFF:           ON
--   Courgette:        ON
--   Compression:      ON
--   Rollback:         ON
--   MQTT Transport:   ON
--   Edge AI:          OFF
--   TensorFlow Lite:  OFF
--   ONNX Runtime:     OFF
-- 
-- v1.2.0 Extended Features:
--   OpenWRT Extended: ON
--   LUCI Module:      ON
--   Hotplug Handlers: ON
--   LAN Config:       OFF
--   Routing Table:    OFF
--   VPN Config:       OFF
--   WAN Failover:     OFF
--   Multi-WAN Health: OFF
--   WiFi Client Mgmt: OFF
--   WiFi Channel Opt: OFF
--   Starlink:         OFF
--   Starlink gRPC:    ON
-- 
-- Platform Integrations:
--   prpl Integration: OFF
--   prpl EasyMesh:    OFF
--   prpl Ambiorix:    OFF
--   Matter/Thread:    OFF
--   Matter Bridge:    OFF
--   Thread BR:        OFF
--   Zigbee:           OFF
--   Zigbee EZSP:      OFF
--   Zigbee Z-Stack:   OFF
-- 
-- Build options:
--   Tests:            ON
--   Examples:         ON
--   Documentation:    ON
--   Coverage:         OFF
--   Sanitizers:       ON
-- 
-- Optional libraries found:
--   BZip2:            TRUE
--   LZMA:             TRUE
--   Zstd:             TRUE
--   Brotli:           TRUE
-- 
-- Configuring done (18.1s)
-- Generating done (8.3s)
-- Build files have been written to: /mnt/d/Dev/Friendly-LwM2M-Client/build

Building project...
[  2%] Building CXX object CMakeFiles/test_dtls_integration.dir/test/test_dtls_integration.cpp.o
[  2%] Building CXX object CMakeFiles/test_dtls_providers.dir/test/test_dtls_providers.cpp.o
[  4%] Building CXX object CMakeFiles/test_dtls_providers.dir/examples/platform/connection_dtls/DtlsProviderFactory.cpp.o
[  4%] Building CXX object CMakeFiles/test_dtls_integration.dir/examples/platform/connection_dtls/DtlsProviderFactory.cpp.o
[  7%] Building CXX object CMakeFiles/test_dtls_integration.dir/examples/platform/connection_dtls/MbedTlsProvider.cpp.o
[  7%] Building CXX object CMakeFiles/test_dtls_providers.dir/examples/platform/connection_dtls/MbedTlsProvider.cpp.o
[  7%] Building CXX object CMakeFiles/friendly_lwm2m.dir/src/platform/openwrt_platform.cpp.o
[ 10%] Building CXX object CMakeFiles/friendly_lwm2m.dir/src/platform/linux_platform.cpp.o
[ 10%] Building CXX object CMakeFiles/friendly_lwm2m.dir/src/firmware/delta_algorithms.cpp.o
[ 11%] Building CXX object CMakeFiles/friendly_lwm2m.dir/src/firmware/rollback_manager.cpp.o
[ 12%] Building CXX object CMakeFiles/friendly_lwm2m.dir/src/transport/blockwise_transfer.cpp.o
[ 13%] Building CXX object CMakeFiles/friendly_lwm2m.dir/src/transport/mqtt_transport.cpp.o
[ 14%] Building CXX object CMakeFiles/friendly_lwm2m.dir/src/objects/advanced_firmware_update_object.cpp.o
[ 17%] Building CXX object CMakeFiles/friendly_lwm2m.dir/src/objects/mqtt_server_object.cpp.o
[ 17%] Building CXX object CMakeFiles/friendly_lwm2m.dir/src/objects/lwm2m_cose_object.cpp.o
[ 18%] Building C object examples/CMakeFiles/friendly_example_client.dir/__/2305-Wakaama/core/bootstrap.c.o
[ 19%] Building C object examples/CMakeFiles/friendly_example_client.dir/__/2305-Wakaama/core/discover.c.o
[ 20%] Building C object examples/CMakeFiles/friendly_example_client.dir/__/2305-Wakaama/core/liblwm2m.c.o
[ 21%] Building C object examples/CMakeFiles/friendly_example_client.dir/__/2305-Wakaama/core/list.c.o
[ 22%] Building C object examples/CMakeFiles/friendly_example_client.dir/__/2305-Wakaama/core/management.c.o
[ 23%] Building C object examples/CMakeFiles/friendly_example_client.dir/__/2305-Wakaama/core/objects.c.o
[ 25%] Building C object examples/CMakeFiles/friendly_example_client.dir/__/2305-Wakaama/core/observe.c.o
[ 27%] Building C object examples/CMakeFiles/friendly_example_client.dir/__/2305-Wakaama/core/packet.c.o
[ 27%] Building C object examples/CMakeFiles/friendly_example_client.dir/__/2305-Wakaama/core/registration.c.o
/mnt/d/Dev/Friendly-LwM2M-Client/examples/platform/connection_dtls/MbedTlsProvider.cpp: In member function ‘virtual int MbedTlsProvider::setRPK(void*, const uint8_t*, size_t, const uint8_t*, size_t)’:
/mnt/d/Dev/Friendly-LwM2M-Client/examples/platform/connection_dtls/MbedTlsProvider.cpp:349:72: warning: unused parameter ‘priv_len’ [-Wunused-parameter]
  349 | int MbedTlsProvider::setRPK(void* ctx, const uint8_t* priv_key, size_t priv_len,
      |                                                                 ~~~~~~~^~~~~~~~
/mnt/d/Dev/Friendly-LwM2M-Client/examples/platform/connection_dtls/MbedTlsProvider.cpp:350:60: warning: unused parameter ‘pub_len’ [-Wunused-parameter]
  350 |                             const uint8_t* pub_key, size_t pub_len) {
      |                                                     ~~~~~~~^~~~~~~
/mnt/d/Dev/Friendly-LwM2M-Client/examples/platform/connection_dtls/MbedTlsProvider.cpp: In member function ‘virtual int MbedTlsProvider::enableCID(void*, uint8_t)’:
/mnt/d/Dev/Friendly-LwM2M-Client/examples/platform/connection_dtls/MbedTlsProvider.cpp:549:38: warning: unused parameter ‘dtls_session’ [-Wunused-parameter]
  549 | int MbedTlsProvider::enableCID(void* dtls_session, uint8_t cid_len) {
      |                                ~~~~~~^~~~~~~~~~~~
/mnt/d/Dev/Friendly-LwM2M-Client/examples/platform/connection_dtls/MbedTlsProvider.cpp:549:60: warning: unused parameter ‘cid_len’ [-Wunused-parameter]
  549 | int MbedTlsProvider::enableCID(void* dtls_session, uint8_t cid_len) {
      |                                                    ~~~~~~~~^~~~~~~
/mnt/d/Dev/Friendly-LwM2M-Client/examples/platform/connection_dtls/MbedTlsProvider.cpp: In member function ‘virtual bool MbedTlsProvider::isCIDNegotiated(void*) const’:
/mnt/d/Dev/Friendly-LwM2M-Client/examples/platform/connection_dtls/MbedTlsProvider.cpp:573:45: warning: unused parameter ‘dtls_session’ [-Wunused-parameter]
  573 | bool MbedTlsProvider::isCIDNegotiated(void* dtls_session) const {
      |                                       ~~~~~~^~~~~~~~~~~~
/mnt/d/Dev/Friendly-LwM2M-Client/examples/platform/connection_dtls/MbedTlsProvider.cpp: In member function ‘virtual int MbedTlsProvider::getCIDVersion(void*) const’:
/mnt/d/Dev/Friendly-LwM2M-Client/examples/platform/connection_dtls/MbedTlsProvider.cpp:597:42: warning: unused parameter ‘dtls_session’ [-Wunused-parameter]
  597 | int MbedTlsProvider::getCIDVersion(void* dtls_session) const {
      |                                    ~~~~~~^~~~~~~~~~~~
/mnt/d/Dev/Friendly-LwM2M-Client/examples/platform/connection_dtls/MbedTlsProvider.cpp: In member function ‘virtual void* MbedTlsProvider::getPeerByCID(void*, const uint8_t*, uint8_t)’:
/mnt/d/Dev/Friendly-LwM2M-Client/examples/platform/connection_dtls/MbedTlsProvider.cpp:605:43: warning: unused parameter ‘ctx’ [-Wunused-parameter]
  605 | void* MbedTlsProvider::getPeerByCID(void* ctx, const uint8_t* cid, uint8_t cid_len) {
      |                                     ~~~~~~^~~
/mnt/d/Dev/Friendly-LwM2M-Client/examples/platform/connection_dtls/MbedTlsProvider.cpp:605:63: warning: unused parameter ‘cid’ [-Wunused-parameter]
  605 | void* MbedTlsProvider::getPeerByCID(void* ctx, const uint8_t* cid, uint8_t cid_len) {
      |                                                ~~~~~~~~~~~~~~~^~~
/mnt/d/Dev/Friendly-LwM2M-Client/examples/platform/connection_dtls/MbedTlsProvider.cpp:605:76: warning: unused parameter ‘cid_len’ [-Wunused-parameter]
  605 | void* MbedTlsProvider::getPeerByCID(void* ctx, const uint8_t* cid, uint8_t cid_len) {
      |                                                                    ~~~~~~~~^~~~~~~
/mnt/d/Dev/Friendly-LwM2M-Client/examples/platform/connection_dtls/MbedTlsProvider.cpp: In static member function ‘static int MbedTlsProvider::staticRecvTimeoutCallback(void*, unsigned char*, size_t, uint32_t)’:
/mnt/d/Dev/Friendly-LwM2M-Client/examples/platform/connection_dtls/MbedTlsProvider.cpp:669:58: warning: unused parameter ‘timeout’ [-Wunused-parameter]
  669 |                                                 uint32_t timeout) {
      |                                                 ~~~~~~~~~^~~~~~~
/mnt/d/Dev/Friendly-LwM2M-Client/examples/platform/connection_dtls/MbedTlsProvider.cpp: In member function ‘virtual int MbedTlsProvider::setRPK(void*, const uint8_t*, size_t, const uint8_t*, size_t)’:
/mnt/d/Dev/Friendly-LwM2M-Client/examples/platform/connection_dtls/MbedTlsProvider.cpp:349:72: warning: unused parameter ‘priv_len’ [-Wunused-parameter]
  349 | int MbedTlsProvider::setRPK(void* ctx, const uint8_t* priv_key, size_t priv_len,
      |                                                                 ~~~~~~~^~~~~~~~
/mnt/d/Dev/Friendly-LwM2M-Client/examples/platform/connection_dtls/MbedTlsProvider.cpp:350:60: warning: unused parameter ‘pub_len’ [-Wunused-parameter]
  350 |                             const uint8_t* pub_key, size_t pub_len) {
      |                                                     ~~~~~~~^~~~~~~
/mnt/d/Dev/Friendly-LwM2M-Client/examples/platform/connection_dtls/MbedTlsProvider.cpp: In member function ‘virtual int MbedTlsProvider::enableCID(void*, uint8_t)’:
/mnt/d/Dev/Friendly-LwM2M-Client/examples/platform/connection_dtls/MbedTlsProvider.cpp:549:38: warning: unused parameter ‘dtls_session’ [-Wunused-parameter]
  549 | int MbedTlsProvider::enableCID(void* dtls_session, uint8_t cid_len) {
      |                                ~~~~~~^~~~~~~~~~~~
/mnt/d/Dev/Friendly-LwM2M-Client/examples/platform/connection_dtls/MbedTlsProvider.cpp:549:60: warning: unused parameter ‘cid_len’ [-Wunused-parameter]
  549 | int MbedTlsProvider::enableCID(void* dtls_session, uint8_t cid_len) {
      |                                                    ~~~~~~~~^~~~~~~
/mnt/d/Dev/Friendly-LwM2M-Client/examples/platform/connection_dtls/MbedTlsProvider.cpp: In member function ‘virtual bool MbedTlsProvider::isCIDNegotiated(void*) const’:
/mnt/d/Dev/Friendly-LwM2M-Client/examples/platform/connection_dtls/MbedTlsProvider.cpp:573:45: warning: unused parameter ‘dtls_session’ [-Wunused-parameter]
  573 | bool MbedTlsProvider::isCIDNegotiated(void* dtls_session) const {
      |                                       ~~~~~~^~~~~~~~~~~~
/mnt/d/Dev/Friendly-LwM2M-Client/examples/platform/connection_dtls/MbedTlsProvider.cpp: In member function ‘virtual int MbedTlsProvider::getCIDVersion(void*) const’:
/mnt/d/Dev/Friendly-LwM2M-Client/examples/platform/connection_dtls/MbedTlsProvider.cpp:597:42: warning: unused parameter ‘dtls_session’ [-Wunused-parameter]
  597 | int MbedTlsProvider::getCIDVersion(void* dtls_session) const {
      |                                    ~~~~~~^~~~~~~~~~~~
/mnt/d/Dev/Friendly-LwM2M-Client/examples/platform/connection_dtls/MbedTlsProvider.cpp: In member function ‘virtual void* MbedTlsProvider::getPeerByCID(void*, const uint8_t*, uint8_t)’:
/mnt/d/Dev/Friendly-LwM2M-Client/examples/platform/connection_dtls/MbedTlsProvider.cpp:605:43: warning: unused parameter ‘ctx’ [-Wunused-parameter]
  605 | void* MbedTlsProvider::getPeerByCID(void* ctx, const uint8_t* cid, uint8_t cid_len) {
      |                                     ~~~~~~^~~
/mnt/d/Dev/Friendly-LwM2M-Client/examples/platform/connection_dtls/MbedTlsProvider.cpp:605:63: warning: unused parameter ‘cid’ [-Wunused-parameter]
  605 | void* MbedTlsProvider::getPeerByCID(void* ctx, const uint8_t* cid, uint8_t cid_len) {
      |                                                ~~~~~~~~~~~~~~~^~~
/mnt/d/Dev/Friendly-LwM2M-Client/examples/platform/connection_dtls/MbedTlsProvider.cpp:605:76: warning: unused parameter ‘cid_len’ [-Wunused-parameter]
  605 | void* MbedTlsProvider::getPeerByCID(void* ctx, const uint8_t* cid, uint8_t cid_len) {
      |                                                                    ~~~~~~~~^~~~~~~
/mnt/d/Dev/Friendly-LwM2M-Client/examples/platform/connection_dtls/MbedTlsProvider.cpp: In static member function ‘static int MbedTlsProvider::staticRecvTimeoutCallback(void*, unsigned char*, size_t, uint32_t)’:
/mnt/d/Dev/Friendly-LwM2M-Client/examples/platform/connection_dtls/MbedTlsProvider.cpp:669:58: warning: unused parameter ‘timeout’ [-Wunused-parameter]
  669 |                                                 uint32_t timeout) {
      |                                                 ~~~~~~~~~^~~~~~~
/mnt/d/Dev/Friendly-LwM2M-Client/test/test_dtls_integration.cpp: In member function ‘virtual void DtlsIntegrationTest_HandshakeInitiation_Test::TestBody()’:
/mnt/d/Dev/Friendly-LwM2M-Client/test/test_dtls_integration.cpp:169:9: warning: unused variable ‘result’ [-Wunused-variable]
  169 |     int result = provider->connect(session);
      |         ^~~~~~
[ 28%] Building C object examples/CMakeFiles/friendly_example_client.dir/__/2305-Wakaama/core/uri.c.o
[ 29%] Building C object examples/CMakeFiles/friendly_example_client.dir/__/2305-Wakaama/core/utils.c.o
[ 30%] Building C object examples/CMakeFiles/friendly_example_client.dir/__/2305-Wakaama/core/send.c.o
[ 31%] Building C object examples/CMakeFiles/friendly_example_client.dir/__/2305-Wakaama/core/objects/access_control.c.o
[ 32%] Building C object examples/CMakeFiles/friendly_example_client.dir/__/2305-Wakaama/coap/block.c.o
[ 35%] Building C object examples/CMakeFiles/friendly_example_client.dir/__/2305-Wakaama/coap/er-coap-13/er-coap-13.c.o
[ 35%] Building C object examples/CMakeFiles/friendly_example_client.dir/__/2305-Wakaama/coap/transaction.c.o
[ 36%] Building C object examples/CMakeFiles/friendly_example_client.dir/__/2305-Wakaama/data/data.c.o
[ 37%] Building C object examples/CMakeFiles/friendly_example_client.dir/__/2305-Wakaama/data/json.c.o
/mnt/d/Dev/Friendly-LwM2M-Client/src/firmware/delta_algorithms.cpp: In member function ‘virtual lwm2m::firmware::DeltaResult lwm2m::firmware::BSDiffAlgorithm::validateDelta(const std::vector<unsigned char>&, uint64_t)’:
/mnt/d/Dev/Friendly-LwM2M-Client/src/firmware/delta_algorithms.cpp:385:54: warning: unused parameter ‘expectedSourceSize’ [-Wunused-parameter]
  385 |                                             uint64_t expectedSourceSize) {
      |                                             ~~~~~~~~~^~~~~~~~~~~~~~~~~~
/mnt/d/Dev/Friendly-LwM2M-Client/src/firmware/delta_algorithms.cpp: In member function ‘virtual lwm2m::firmware::DeltaResult lwm2m::firmware::VCDiffAlgorithm::createDelta(const std::vector<unsigned char>&, const std::vector<unsigned char>&, std::vector<unsigned char>&, lwm2m::firmware::DeltaProgressCallback)’:
/mnt/d/Dev/Friendly-LwM2M-Client/src/firmware/delta_algorithms.cpp:484:14: warning: variable ‘fromSource’ set but not used [-Wunused-but-set-variable]
  484 |         bool fromSource = false;
      |              ^~~~~~~~~~
/mnt/d/Dev/Friendly-LwM2M-Client/src/firmware/delta_algorithms.cpp:479:12: warning: variable ‘lastCopyAddr’ set but not used [-Wunused-but-set-variable]
  479 |     size_t lastCopyAddr = 0;
      |            ^~~~~~~~~~~~
/mnt/d/Dev/Friendly-LwM2M-Client/src/firmware/delta_algorithms.cpp: In member function ‘virtual lwm2m::firmware::DeltaResult lwm2m::firmware::VCDiffAlgorithm::applyDelta(const std::vector<unsigned char>&, const std::vector<unsigned char>&, std::vector<unsigned char>&, lwm2m::firmware::DeltaProgressCallback)’:
/mnt/d/Dev/Friendly-LwM2M-Client/src/firmware/delta_algorithms.cpp:598:13: warning: unused variable ‘hdrIndicator’ [-Wunused-variable]
  598 |     uint8_t hdrIndicator = *ptr++;
      |             ^~~~~~~~~~~~
/mnt/d/Dev/Friendly-LwM2M-Client/src/firmware/delta_algorithms.cpp:601:13: warning: unused variable ‘winIndicator’ [-Wunused-variable]
  601 |     uint8_t winIndicator = *ptr++;
      |             ^~~~~~~~~~~~
/mnt/d/Dev/Friendly-LwM2M-Client/src/firmware/delta_algorithms.cpp:602:14: warning: unused variable ‘sourceLen’ [-Wunused-variable]
  602 |     uint64_t sourceLen = Impl::readVarInt(ptr);
      |              ^~~~~~~~~
/mnt/d/Dev/Friendly-LwM2M-Client/src/firmware/delta_algorithms.cpp:603:14: warning: unused variable ‘sourcePos’ [-Wunused-variable]
  603 |     uint64_t sourcePos = Impl::readVarInt(ptr);
      |              ^~~~~~~~~
/mnt/d/Dev/Friendly-LwM2M-Client/src/firmware/delta_algorithms.cpp:606:14: warning: unused variable ‘deltaLen’ [-Wunused-variable]
  606 |     uint64_t deltaLen = Impl::readVarInt(ptr);
      |              ^~~~~~~~
/mnt/d/Dev/Friendly-LwM2M-Client/src/firmware/delta_algorithms.cpp:608:13: warning: unused variable ‘deltaIndicator’ [-Wunused-variable]
  608 |     uint8_t deltaIndicator = *ptr++;
      |             ^~~~~~~~~~~~~~
/mnt/d/Dev/Friendly-LwM2M-Client/src/firmware/delta_algorithms.cpp:611:14: warning: unused variable ‘addrLen’ [-Wunused-variable]
  611 |     uint64_t addrLen = Impl::readVarInt(ptr);
      |              ^~~~~~~
/mnt/d/Dev/Friendly-LwM2M-Client/src/firmware/delta_algorithms.cpp: In member function ‘virtual lwm2m::firmware::DeltaResult lwm2m::firmware::VCDiffAlgorithm::validateDelta(const std::vector<unsigned char>&, uint64_t)’:
/mnt/d/Dev/Friendly-LwM2M-Client/src/firmware/delta_algorithms.cpp:660:54: warning: unused parameter ‘expectedSourceSize’ [-Wunused-parameter]
  660 |                                             uint64_t expectedSourceSize) {
      |                                             ~~~~~~~~~^~~~~~~~~~~~~~~~~~
/mnt/d/Dev/Friendly-LwM2M-Client/src/firmware/delta_algorithms.cpp: In member function ‘virtual lwm2m::firmware::DeltaResult lwm2m::firmware::CourgetteAlgorithm::applyDelta(const std::vector<unsigned char>&, const std::vector<unsigned char>&, std::vector<unsigned char>&, lwm2m::firmware::DeltaProgressCallback)’:
/mnt/d/Dev/Friendly-LwM2M-Client/src/firmware/delta_algorithms.cpp:1011:22: warning: unused variable ‘format’ [-Wunused-variable]
 1011 |     ExecutableFormat format = static_cast<ExecutableFormat>(delta[8]);
      |                      ^~~~~~
/mnt/d/Dev/Friendly-LwM2M-Client/src/firmware/delta_algorithms.cpp: In member function ‘virtual lwm2m::firmware::DeltaResult lwm2m::firmware::CourgetteAlgorithm::validateDelta(const std::vector<unsigned char>&, uint64_t)’:
/mnt/d/Dev/Friendly-LwM2M-Client/src/firmware/delta_algorithms.cpp:1074:57: warning: unused parameter ‘expectedSourceSize’ [-Wunused-parameter]
 1074 |                                                uint64_t expectedSourceSize) {
      |                                                ~~~~~~~~~^~~~~~~~~~~~~~~~~~
[ 38%] Building C object examples/CMakeFiles/friendly_example_client.dir/__/2305-Wakaama/data/json_common.c.o
[ 39%] Building C object examples/CMakeFiles/friendly_example_client.dir/__/2305-Wakaama/data/senml_json.c.o
[ 40%] Building C object examples/CMakeFiles/friendly_example_client.dir/__/2305-Wakaama/data/tlv.c.o
/mnt/d/Dev/Friendly-LwM2M-Client/src/transport/mqtt_transport.cpp: In member function ‘lwm2m::transport::MqttResult lwm2m::transport::MqttTransport::disconnect(bool)’:
/mnt/d/Dev/Friendly-LwM2M-Client/src/transport/mqtt_transport.cpp:123:43: warning: unused parameter ‘sendWill’ [-Wunused-parameter]
  123 | MqttResult MqttTransport::disconnect(bool sendWill) {
      |                                      ~~~~~^~~~~~~~
/mnt/d/Dev/Friendly-LwM2M-Client/src/transport/mqtt_transport.cpp: In member function ‘lwm2m::transport::MqttResult lwm2m::transport::MqttTransport::process(uint32_t)’:
/mnt/d/Dev/Friendly-LwM2M-Client/src/transport/mqtt_transport.cpp:151:44: warning: unused parameter ‘timeoutMs’ [-Wunused-parameter]
  151 | MqttResult MqttTransport::process(uint32_t timeoutMs) {
      |                                   ~~~~~~~~~^~~~~~~~~
[ 42%] Building C object examples/CMakeFiles/friendly_example_client.dir/__/2305-Wakaama/data/cbor.c.o
[ 43%] Building C object examples/CMakeFiles/friendly_example_client.dir/__/2305-Wakaama/data/senml_cbor.c.o
[ 44%] Building C object examples/CMakeFiles/friendly_example_client.dir/__/2305-Wakaama/libs/tinycbor/src/cborencoder.c.o
[ 45%] Building C object examples/CMakeFiles/friendly_example_client.dir/__/2305-Wakaama/libs/tinycbor/src/cborencoder_close_container_checked.c.o
[ 46%] Building C object examples/CMakeFiles/friendly_example_client.dir/__/2305-Wakaama/libs/tinycbor/src/cborencoder_float.c.o
/mnt/d/Dev/Friendly-LwM2M-Client/src/firmware/rollback_manager.cpp: In member function ‘std::vector<unsigned char> lwm2m::firmware::RollbackManager::calculateStateChecksum()’:
/mnt/d/Dev/Friendly-LwM2M-Client/src/firmware/rollback_manager.cpp:822:16: warning: ‘int SHA256_Init(SHA256_CTX*)’ is deprecated: Since OpenSSL 3.0 [-Wdeprecated-declarations]
  822 |     SHA256_Init(&ctx);
      |     ~~~~~~~~~~~^~~~~~
In file included from /mnt/d/Dev/Friendly-LwM2M-Client/src/firmware/rollback_manager.cpp:19:
/usr/include/openssl/sha.h:73:27: note: declared here
   73 | OSSL_DEPRECATEDIN_3_0 int SHA256_Init(SHA256_CTX *c);
      |                           ^~~~~~~~~~~
/mnt/d/Dev/Friendly-LwM2M-Client/src/firmware/rollback_manager.cpp:826:22: warning: ‘int SHA256_Update(SHA256_CTX*, const void*, size_t)’ is deprecated: Since OpenSSL 3.0 [-Wdeprecated-declarations]
  826 |         SHA256_Update(&ctx, comp.checksum.data(), comp.checksum.size());
      |         ~~~~~~~~~~~~~^~~~~~~~~~~~~~~~~~~~~~~~~~~~~~~~~~~~~~~~~~~~~~~~~~
/usr/include/openssl/sha.h:74:27: note: declared here
   74 | OSSL_DEPRECATEDIN_3_0 int SHA256_Update(SHA256_CTX *c,
      |                           ^~~~~~~~~~~~~
/mnt/d/Dev/Friendly-LwM2M-Client/src/firmware/rollback_manager.cpp:827:22: warning: ‘int SHA256_Update(SHA256_CTX*, const void*, size_t)’ is deprecated: Since OpenSSL 3.0 [-Wdeprecated-declarations]
  827 |         SHA256_Update(&ctx, comp.version.data(), comp.version.size());
      |         ~~~~~~~~~~~~~^~~~~~~~~~~~~~~~~~~~~~~~~~~~~~~~~~~~~~~~~~~~~~~~
/usr/include/openssl/sha.h:74:27: note: declared here
   74 | OSSL_DEPRECATEDIN_3_0 int SHA256_Update(SHA256_CTX *c,
      |                           ^~~~~~~~~~~~~
/mnt/d/Dev/Friendly-LwM2M-Client/src/firmware/rollback_manager.cpp:831:17: warning: ‘int SHA256_Final(unsigned char*, SHA256_CTX*)’ is deprecated: Since OpenSSL 3.0 [-Wdeprecated-declarations]
  831 |     SHA256_Final(hash.data(), &ctx);
      |     ~~~~~~~~~~~~^~~~~~~~~~~~~~~~~~~
/usr/include/openssl/sha.h:76:27: note: declared here
   76 | OSSL_DEPRECATEDIN_3_0 int SHA256_Final(unsigned char *md, SHA256_CTX *c);
      |                           ^~~~~~~~~~~~
[ 47%] Building C object examples/CMakeFiles/friendly_example_client.dir/__/2305-Wakaama/libs/tinycbor/src/cborerrorstrings.c.o
[ 48%] Building C object examples/CMakeFiles/friendly_example_client.dir/__/2305-Wakaama/libs/tinycbor/src/cborparser.c.o
[ 50%] Building C object examples/CMakeFiles/friendly_example_client.dir/__/2305-Wakaama/libs/tinycbor/src/cborparser_dup_string.c.o
[ 51%] Building C object examples/CMakeFiles/friendly_example_client.dir/__/2305-Wakaama/libs/tinycbor/src/cborparser_float.c.o
[ 52%] Building C object examples/CMakeFiles/friendly_example_client.dir/__/2305-Wakaama/libs/tinycbor/src/cborpretty.c.o
/mnt/d/Dev/Friendly-LwM2M-Client/src/platform/openwrt_platform.cpp: In function ‘std::vector<unsigned char> lwm2m::platform::openwrt::calculateFileSHA256(const std::string&, uint64_t)’:
/mnt/d/Dev/Friendly-LwM2M-Client/src/platform/openwrt_platform.cpp:163:16: warning: ‘int SHA256_Init(SHA256_CTX*)’ is deprecated: Since OpenSSL 3.0 [-Wdeprecated-declarations]
  163 |     SHA256_Init(&ctx);
      |     ~~~~~~~~~~~^~~~~~
In file included from /mnt/d/Dev/Friendly-LwM2M-Client/src/platform/openwrt_platform.cpp:37:
/usr/include/openssl/sha.h:73:27: note: declared here
   73 | OSSL_DEPRECATEDIN_3_0 int SHA256_Init(SHA256_CTX *c);
      |                           ^~~~~~~~~~~
/mnt/d/Dev/Friendly-LwM2M-Client/src/platform/openwrt_platform.cpp:182:22: warning: ‘int SHA256_Update(SHA256_CTX*, const void*, size_t)’ is deprecated: Since OpenSSL 3.0 [-Wdeprecated-declarations]
  182 |         SHA256_Update(&ctx, buffer.data(), bytesRead);
      |         ~~~~~~~~~~~~~^~~~~~~~~~~~~~~~~~~~~~~~~~~~~~~~
/usr/include/openssl/sha.h:74:27: note: declared here
   74 | OSSL_DEPRECATEDIN_3_0 int SHA256_Update(SHA256_CTX *c,
      |                           ^~~~~~~~~~~~~
/mnt/d/Dev/Friendly-LwM2M-Client/src/platform/openwrt_platform.cpp:187:17: warning: ‘int SHA256_Final(unsigned char*, SHA256_CTX*)’ is deprecated: Since OpenSSL 3.0 [-Wdeprecated-declarations]
  187 |     SHA256_Final(hash.data(), &ctx);
      |     ~~~~~~~~~~~~^~~~~~~~~~~~~~~~~~~
/usr/include/openssl/sha.h:76:27: note: declared here
   76 | OSSL_DEPRECATEDIN_3_0 int SHA256_Final(unsigned char *md, SHA256_CTX *c);
      |                           ^~~~~~~~~~~~
[ 53%] Building C object examples/CMakeFiles/friendly_example_client.dir/__/2305-Wakaama/libs/tinycbor/src/cborpretty_stdio.c.o
[ 54%] Building C object examples/CMakeFiles/friendly_example_client.dir/__/2305-Wakaama/libs/tinycbor/src/cbortojson.c.o
/mnt/d/Dev/Friendly-LwM2M-Client/src/objects/advanced_firmware_update_object.cpp: In member function ‘bool lwm2m::objects::AdvancedFirmwareUpdateObject::execute(lwm2m::objects::FirmwareResourceId, const std::string&)’:
/mnt/d/Dev/Friendly-LwM2M-Client/src/objects/advanced_firmware_update_object.cpp:364:64: warning: unused parameter ‘arguments’ [-Wunused-parameter]
  364 |                                             const std::string& arguments) {
      |                                             ~~~~~~~~~~~~~~~~~~~^~~~~~~~~
/mnt/d/Dev/Friendly-LwM2M-Client/src/objects/advanced_firmware_update_object.cpp: In member function ‘void lwm2m::objects::AdvancedFirmwareUpdateObject::downloadThread(const std::string&, bool)’:
/mnt/d/Dev/Friendly-LwM2M-Client/src/objects/advanced_firmware_update_object.cpp:411:58: warning: unused parameter ‘isDelta’ [-Wunused-parameter]
  411 |                                                     bool isDelta) {
      |                                                     ~~~~~^~~~~~~
In file included from /mnt/d/Dev/Friendly-LwM2M-Client/src/objects/advanced_firmware_update_object.cpp:21:
/mnt/d/Dev/Friendly-LwM2M-Client/src/objects/advanced_firmware_update_object.cpp: In lambda function:
/mnt/d/Dev/Friendly-LwM2M-Client/src/objects/advanced_firmware_update_object.cpp:471:23: warning: unused parameter ‘ultotal’ [-Wunused-parameter]
  471 |            curl_off_t ultotal, curl_off_t ulnow) -> int {
      |            ~~~~~~~~~~~^~~~~~~
/mnt/d/Dev/Friendly-LwM2M-Client/src/objects/advanced_firmware_update_object.cpp:471:43: warning: unused parameter ‘ulnow’ [-Wunused-parameter]
  471 |            curl_off_t ultotal, curl_off_t ulnow) -> int {
      |                                ~~~~~~~~~~~^~~~~
/mnt/d/Dev/Friendly-LwM2M-Client/src/objects/advanced_firmware_update_object.cpp: In member function ‘bool lwm2m::objects::AdvancedFirmwareUpdateObject::receivePackageData(const std::vector<unsigned char>&, uint64_t, bool)’:
/mnt/d/Dev/Friendly-LwM2M-Client/src/objects/advanced_firmware_update_object.cpp:505:61: warning: unused parameter ‘isDelta’ [-Wunused-parameter]
  505 |     const std::vector<uint8_t>& data, uint64_t offset, bool isDelta) {
      |                                                        ~~~~~^~~~~~~
/mnt/d/Dev/Friendly-LwM2M-Client/src/platform/linux_platform.cpp: In function ‘std::vector<unsigned char> lwm2m::platform::linux_generic::calculateFileSHA256(const std::string&, uint64_t)’:
/mnt/d/Dev/Friendly-LwM2M-Client/src/platform/linux_platform.cpp:108:16: warning: ‘int SHA256_Init(SHA256_CTX*)’ is deprecated: Since OpenSSL 3.0 [-Wdeprecated-declarations]
  108 |     SHA256_Init(&ctx);
      |     ~~~~~~~~~~~^~~~~~
In file included from /mnt/d/Dev/Friendly-LwM2M-Client/src/platform/linux_platform.cpp:39:
/usr/include/openssl/sha.h:73:27: note: declared here
   73 | OSSL_DEPRECATEDIN_3_0 int SHA256_Init(SHA256_CTX *c);
      |                           ^~~~~~~~~~~
/mnt/d/Dev/Friendly-LwM2M-Client/src/platform/linux_platform.cpp:128:26: warning: ‘int SHA256_Update(SHA256_CTX*, const void*, size_t)’ is deprecated: Since OpenSSL 3.0 [-Wdeprecated-declarations]
  128 |             SHA256_Update(&ctx, buffer.data(), bytesRead);
      |             ~~~~~~~~~~~~~^~~~~~~~~~~~~~~~~~~~~~~~~~~~~~~~
/usr/include/openssl/sha.h:74:27: note: declared here
   74 | OSSL_DEPRECATEDIN_3_0 int SHA256_Update(SHA256_CTX *c,
      |                           ^~~~~~~~~~~~~
/mnt/d/Dev/Friendly-LwM2M-Client/src/platform/linux_platform.cpp:133:17: warning: ‘int SHA256_Final(unsigned char*, SHA256_CTX*)’ is deprecated: Since OpenSSL 3.0 [-Wdeprecated-declarations]
  133 |     SHA256_Final(hash.data(), &ctx);
      |     ~~~~~~~~~~~~^~~~~~~~~~~~~~~~~~~
/usr/include/openssl/sha.h:76:27: note: declared here
   76 | OSSL_DEPRECATEDIN_3_0 int SHA256_Final(unsigned char *md, SHA256_CTX *c);
      |                           ^~~~~~~~~~~~
/mnt/d/Dev/Friendly-LwM2M-Client/src/platform/linux_platform.cpp: In member function ‘virtual lwm2m::platform::PlatformResult lwm2m::platform::linux_generic::LinuxFlashManager::lock(const std::string&, uint64_t, uint64_t)’:
/mnt/d/Dev/Friendly-LwM2M-Client/src/platform/linux_platform.cpp:498:44: warning: unused parameter ‘device’ [-Wunused-parameter]
  498 |     PlatformResult lock(const std::string& device, uint64_t offset, uint64_t size) override {
      |                         ~~~~~~~~~~~~~~~~~~~^~~~~~
/mnt/d/Dev/Friendly-LwM2M-Client/src/platform/linux_platform.cpp:498:61: warning: unused parameter ‘offset’ [-Wunused-parameter]
  498 |     PlatformResult lock(const std::string& device, uint64_t offset, uint64_t size) override {
      |                                                    ~~~~~~~~~^~~~~~
/mnt/d/Dev/Friendly-LwM2M-Client/src/platform/linux_platform.cpp:498:78: warning: unused parameter ‘size’ [-Wunused-parameter]
  498 |     PlatformResult lock(const std::string& device, uint64_t offset, uint64_t size) override {
      |                                                                     ~~~~~~~~~^~~~
/mnt/d/Dev/Friendly-LwM2M-Client/src/platform/linux_platform.cpp: In member function ‘virtual lwm2m::platform::PlatformResult lwm2m::platform::linux_generic::LinuxFlashManager::unlock(const std::string&, uint64_t, uint64_t)’:
/mnt/d/Dev/Friendly-LwM2M-Client/src/platform/linux_platform.cpp:503:46: warning: unused parameter ‘device’ [-Wunused-parameter]
  503 |     PlatformResult unlock(const std::string& device, uint64_t offset, uint64_t size) override {
      |                           ~~~~~~~~~~~~~~~~~~~^~~~~~
/mnt/d/Dev/Friendly-LwM2M-Client/src/platform/linux_platform.cpp:503:63: warning: unused parameter ‘offset’ [-Wunused-parameter]
  503 |     PlatformResult unlock(const std::string& device, uint64_t offset, uint64_t size) override {
      |                                                      ~~~~~~~~~^~~~~~
/mnt/d/Dev/Friendly-LwM2M-Client/src/platform/linux_platform.cpp:503:80: warning: unused parameter ‘size’ [-Wunused-parameter]
  503 |     PlatformResult unlock(const std::string& device, uint64_t offset, uint64_t size) override {
      |                                                                       ~~~~~~~~~^~~~
/mnt/d/Dev/Friendly-LwM2M-Client/src/platform/linux_platform.cpp: In member function ‘virtual lwm2m::platform::PlatformResult lwm2m::platform::linux_generic::LinuxBootloaderControl::setBootAttempts(lwm2m::platform::PartitionSlot, int)’:
/mnt/d/Dev/Friendly-LwM2M-Client/src/platform/linux_platform.cpp:609:50: warning: unused parameter ‘slot’ [-Wunused-parameter]
  609 |     PlatformResult setBootAttempts(PartitionSlot slot, int attempts) override {
      |                                    ~~~~~~~~~~~~~~^~~~
/mnt/d/Dev/Friendly-LwM2M-Client/src/platform/linux_platform.cpp: In member function ‘virtual int lwm2m::platform::linux_generic::LinuxBootloaderControl::getBootAttempts(lwm2m::platform::PartitionSlot)’:
/mnt/d/Dev/Friendly-LwM2M-Client/src/platform/linux_platform.cpp:613:39: warning: unused parameter ‘slot’ [-Wunused-parameter]
  613 |     int getBootAttempts(PartitionSlot slot) override {
      |                         ~~~~~~~~~~~~~~^~~~
/mnt/d/Dev/Friendly-LwM2M-Client/src/platform/openwrt_platform.cpp: At global scope:
/mnt/d/Dev/Friendly-LwM2M-Client/src/platform/openwrt_platform.cpp:151:29: warning: ‘std::vector<unsigned char> lwm2m::platform::openwrt::calculateSHA256(const std::vector<unsigned char>&)’ defined but not used [-Wunused-function]
  151 | static std::vector<uint8_t> calculateSHA256(const std::vector<uint8_t>& data) {
      |                             ^~~~~~~~~~~~~~~
[ 55%] Building C object examples/CMakeFiles/friendly_example_client.dir/__/2305-Wakaama/libs/tinycbor/src/cborvalidation.c.o
[ 56%] Building CXX object examples/CMakeFiles/friendly_example_client.dir/__/wpp/client/WppClient.cpp.o
/mnt/d/Dev/Friendly-LwM2M-Client/src/platform/linux_platform.cpp: At global scope:
/mnt/d/Dev/Friendly-LwM2M-Client/src/platform/linux_platform.cpp:96:13: warning: ‘bool lwm2m::platform::linux_generic::writeFile(const std::string&, const std::string&)’ defined but not used [-Wunused-function]
   96 | static bool writeFile(const std::string& path, const std::string& content) {
      |             ^~~~~~~~~
[ 57%] Building CXX object examples/CMakeFiles/friendly_example_client.dir/__/wpp/registry/data_model/object/Object.cpp.o
[ 59%] Building CXX object examples/CMakeFiles/friendly_example_client.dir/__/wpp/registry/data_model/instance/Instance.cpp.o
[ 60%] Building CXX object examples/CMakeFiles/friendly_example_client.dir/__/wpp/registry/data_model/resource/Resource.cpp.o
[ 61%] Building CXX object examples/CMakeFiles/friendly_example_client.dir/__/wpp/registry/data_model/resource/ResourceContainer.cpp.o
[ 62%] Building CXX object examples/CMakeFiles/friendly_example_client.dir/__/wpp/registry/objects/m_0_lwm2m_security/Lwm2mSecurity.cpp.o
[ 63%] Building CXX object examples/CMakeFiles/friendly_example_client.dir/__/wpp/registry/objects/m_1_lwm2m_server/Lwm2mServer.cpp.o
[ 64%] Building CXX object examples/CMakeFiles/friendly_example_client.dir/__/wpp/registry/objects/m_3_device/Device.cpp.o
[ 65%] Building CXX object examples/CMakeFiles/friendly_example_client.dir/__/wpp/registry/objects/o_2_lwm2m_access_control/Lwm2mAccessControl.cpp.o
[ 67%] Building CXX object examples/CMakeFiles/friendly_example_client.dir/__/wpp/registry/objects/o_3339_audio_clip/AudioClip.cpp.o
[ 68%] Building CXX object examples/CMakeFiles/friendly_example_client.dir/__/wpp/registry/objects/o_4_connectivity_monitoring/ConnectivityMonitoring.cpp.o
[ 69%] Building CXX object examples/CMakeFiles/friendly_example_client.dir/__/wpp/registry/objects/o_5_firmware_update/FirmwareUpdate.cpp.o
[ 70%] Building CXX object examples/CMakeFiles/friendly_example_client.dir/__/wpp/registry/objects/o_6_location/Location.cpp.o
[ 71%] Building CXX object examples/CMakeFiles/friendly_example_client.dir/__/wpp/registry/WppRegistry.cpp.o
[ 72%] Building CXX object examples/CMakeFiles/friendly_example_client.dir/__/wpp/platform/connection/WppConnection.cpp.o
[ 73%] Building CXX object examples/CMakeFiles/friendly_example_client.dir/__/wpp/platform/WppPlatform.cpp.o
[ 75%] Building CXX object examples/CMakeFiles/friendly_example_client.dir/__/wpp/utils/bindings/WppBindings.cpp.o
[ 76%] Building CXX object examples/CMakeFiles/friendly_example_client.dir/__/wpp/utils/task_queue/WppTaskQueue.cpp.o
[ 77%] Linking CXX executable test_dtls_providers
[ 78%] Building CXX object examples/CMakeFiles/friendly_example_client.dir/main.cpp.o
[ 79%] Building CXX object examples/CMakeFiles/friendly_example_client.dir/objects.cpp.o
[ 80%] Building CXX object examples/CMakeFiles/friendly_example_client.dir/ConfigLoader.cpp.o
[ 81%] Building CXX object examples/CMakeFiles/friendly_example_client.dir/platform/connection_dtls/Connection_new.cpp.o
[ 82%] Building CXX object examples/CMakeFiles/friendly_example_client.dir/platform/Guard.cpp.o
[ 84%] Building CXX object examples/CMakeFiles/friendly_example_client.dir/platform/Platform.cpp.o
[ 85%] Building CXX object examples/CMakeFiles/friendly_example_client.dir/FirmwareUpdater/FirmwareUpdater.cpp.o
[ 86%] Building CXX object examples/CMakeFiles/friendly_example_client.dir/platform/connection_dtls/MbedTlsProvider.cpp.o
[ 87%] Building CXX object examples/CMakeFiles/friendly_example_client.dir/platform/connection_dtls/DtlsProviderFactory.cpp.o
[ 88%] Linking CXX executable test_dtls_integration
[ 88%] Built target test_dtls_providers
[ 88%] Built target test_dtls_integration
In file included from /usr/include/c++/13/functional:59,
                 from /mnt/d/Dev/Friendly-LwM2M-Client/include/platform/platform_abstraction.h:21,
                 from /mnt/d/Dev/Friendly-LwM2M-Client/src/platform/openwrt_platform.cpp:16:
In constructor ‘std::function<_Res(_ArgTypes ...)>::function(std::function<_Res(_ArgTypes ...)>&&) [with _Res = bool; _ArgTypes = {char}]’,
    inlined from ‘std::__detail::_State<_Char_type>::_State(std::__detail::_State<_Char_type>&&) [with _Char_type = char]’ at /usr/include/c++/13/bits/regex_automaton.h:149:4,
    inlined from ‘std::__detail::_StateIdT std::__detail::_NFA<_TraitsT>::_M_insert_alt(std::__detail::_StateIdT, std::__detail::_StateIdT, bool) [with _TraitsT = std::__cxx11::regex_traits<char>]’ at /usr/include/c++/13/bits/regex_automaton.h:251:24,
    inlined from ‘void std::__detail::_Compiler<_TraitsT>::_M_disjunction() [with _TraitsT = std::__cxx11::regex_traits<char>]’ at /usr/include/c++/13/bits/regex_compiler.tcc:103:18:
/usr/include/c++/13/bits/std_function.h:405:42: warning: ‘*(std::function<bool(char)>*)((char*)&__tmp + offsetof(std::__detail::_StateT, std::__detail::_State<char>::<unnamed>.std::__detail::_State_base::<unnamed>)).std::function<bool(char)>::_M_invoker’ may be used uninitialized [-Wmaybe-uninitialized]
  405 |       : _Function_base(), _M_invoker(__x._M_invoker)
      |                                      ~~~~^~~~~~~~~~
In file included from /usr/include/c++/13/regex:65,
                 from /mnt/d/Dev/Friendly-LwM2M-Client/src/platform/openwrt_platform.cpp:21:
/usr/include/c++/13/bits/regex_automaton.h: In member function ‘void std::__detail::_Compiler<_TraitsT>::_M_disjunction() [with _TraitsT = std::__cxx11::regex_traits<char>]’:
/usr/include/c++/13/bits/regex_automaton.h:246:17: note: ‘__tmp’ declared here
  246 |         _StateT __tmp(_S_opcode_alternative);
      |                 ^~~~~
In member function ‘bool std::_Function_base::_M_empty() const’,
    inlined from ‘std::function<_Res(_ArgTypes ...)>::operator bool() const [with _Res = bool; _ArgTypes = {char}]’ at /usr/include/c++/13/bits/std_function.h:574:25,
    inlined from ‘std::function<_Res(_ArgTypes ...)>::function(std::function<_Res(_ArgTypes ...)>&&) [with _Res = bool; _ArgTypes = {char}]’ at /usr/include/c++/13/bits/std_function.h:407:6,
    inlined from ‘std::__detail::_State<_Char_type>::_State(std::__detail::_State<_Char_type>&&) [with _Char_type = char]’ at /usr/include/c++/13/bits/regex_automaton.h:149:4,
    inlined from ‘std::__detail::_StateIdT std::__detail::_NFA<_TraitsT>::_M_insert_alt(std::__detail::_StateIdT, std::__detail::_StateIdT, bool) [with _TraitsT = std::__cxx11::regex_traits<char>]’ at /usr/include/c++/13/bits/regex_automaton.h:251:24,
    inlined from ‘void std::__detail::_Compiler<_TraitsT>::_M_disjunction() [with _TraitsT = std::__cxx11::regex_traits<char>]’ at /usr/include/c++/13/bits/regex_compiler.tcc:103:18:
/usr/include/c++/13/bits/std_function.h:247:37: warning: ‘*(const std::_Function_base*)((char*)&__tmp + offsetof(std::__detail::_StateT, std::__detail::_State<char>::<unnamed>.std::__detail::_State_base::<unnamed>)).std::_Function_base::_M_manager’ may be used uninitialized [-Wmaybe-uninitialized]
  247 |     bool _M_empty() const { return !_M_manager; }
      |                                     ^~~~~~~~~~
/usr/include/c++/13/bits/regex_automaton.h: In member function ‘void std::__detail::_Compiler<_TraitsT>::_M_disjunction() [with _TraitsT = std::__cxx11::regex_traits<char>]’:
/usr/include/c++/13/bits/regex_automaton.h:246:17: note: ‘__tmp’ declared here
  246 |         _StateT __tmp(_S_opcode_alternative);
      |                 ^~~~~
In file included from /usr/include/c++/13/functional:59,
                 from /mnt/d/Dev/Friendly-LwM2M-Client/include/platform/platform_abstraction.h:21,
                 from /mnt/d/Dev/Friendly-LwM2M-Client/src/platform/linux_platform.cpp:14:
In constructor ‘std::function<_Res(_ArgTypes ...)>::function(std::function<_Res(_ArgTypes ...)>&&) [with _Res = bool; _ArgTypes = {char}]’,
    inlined from ‘std::__detail::_State<_Char_type>::_State(std::__detail::_State<_Char_type>&&) [with _Char_type = char]’ at /usr/include/c++/13/bits/regex_automaton.h:149:4,
    inlined from ‘std::__detail::_StateIdT std::__detail::_NFA<_TraitsT>::_M_insert_alt(std::__detail::_StateIdT, std::__detail::_StateIdT, bool) [with _TraitsT = std::__cxx11::regex_traits<char>]’ at /usr/include/c++/13/bits/regex_automaton.h:251:24,
    inlined from ‘void std::__detail::_Compiler<_TraitsT>::_M_disjunction() [with _TraitsT = std::__cxx11::regex_traits<char>]’ at /usr/include/c++/13/bits/regex_compiler.tcc:103:18:
/usr/include/c++/13/bits/std_function.h:405:42: warning: ‘*(std::function<bool(char)>*)((char*)&__tmp + offsetof(std::__detail::_StateT, std::__detail::_State<char>::<unnamed>.std::__detail::_State_base::<unnamed>)).std::function<bool(char)>::_M_invoker’ may be used uninitialized [-Wmaybe-uninitialized]
  405 |       : _Function_base(), _M_invoker(__x._M_invoker)
      |                                      ~~~~^~~~~~~~~~
In file included from /usr/include/c++/13/regex:65,
                 from /mnt/d/Dev/Friendly-LwM2M-Client/src/platform/linux_platform.cpp:19:
/usr/include/c++/13/bits/regex_automaton.h: In member function ‘void std::__detail::_Compiler<_TraitsT>::_M_disjunction() [with _TraitsT = std::__cxx11::regex_traits<char>]’:
/usr/include/c++/13/bits/regex_automaton.h:246:17: note: ‘__tmp’ declared here
  246 |         _StateT __tmp(_S_opcode_alternative);
      |                 ^~~~~
In member function ‘bool std::_Function_base::_M_empty() const’,
    inlined from ‘std::function<_Res(_ArgTypes ...)>::operator bool() const [with _Res = bool; _ArgTypes = {char}]’ at /usr/include/c++/13/bits/std_function.h:574:25,
    inlined from ‘std::function<_Res(_ArgTypes ...)>::function(std::function<_Res(_ArgTypes ...)>&&) [with _Res = bool; _ArgTypes = {char}]’ at /usr/include/c++/13/bits/std_function.h:407:6,
    inlined from ‘std::__detail::_State<_Char_type>::_State(std::__detail::_State<_Char_type>&&) [with _Char_type = char]’ at /usr/include/c++/13/bits/regex_automaton.h:149:4,
    inlined from ‘std::__detail::_StateIdT std::__detail::_NFA<_TraitsT>::_M_insert_alt(std::__detail::_StateIdT, std::__detail::_StateIdT, bool) [with _TraitsT = std::__cxx11::regex_traits<char>]’ at /usr/include/c++/13/bits/regex_automaton.h:251:24,
    inlined from ‘void std::__detail::_Compiler<_TraitsT>::_M_disjunction() [with _TraitsT = std::__cxx11::regex_traits<char>]’ at /usr/include/c++/13/bits/regex_compiler.tcc:103:18:
/usr/include/c++/13/bits/std_function.h:247:37: warning: ‘*(const std::_Function_base*)((char*)&__tmp + offsetof(std::__detail::_StateT, std::__detail::_State<char>::<unnamed>.std::__detail::_State_base::<unnamed>)).std::_Function_base::_M_manager’ may be used uninitialized [-Wmaybe-uninitialized]
  247 |     bool _M_empty() const { return !_M_manager; }
      |                                     ^~~~~~~~~~
/usr/include/c++/13/bits/regex_automaton.h: In member function ‘void std::__detail::_Compiler<_TraitsT>::_M_disjunction() [with _TraitsT = std::__cxx11::regex_traits<char>]’:
/usr/include/c++/13/bits/regex_automaton.h:246:17: note: ‘__tmp’ declared here
  246 |         _StateT __tmp(_S_opcode_alternative);
      |                 ^~~~~
[ 89%] Linking CXX executable friendly_example_client
[ 90%] Linking CXX static library libfriendly_lwm2m.a
lto-wrapper: warning: using serial compilation of 10 LTRANS jobs
lto-wrapper: note: see the ‘-flto’ option documentation for more information
/mnt/d/Dev/Friendly-LwM2M-Client/2305-Wakaama/core/packet.c: In function ‘lwm2m_handle_packet’:
/mnt/d/Dev/Friendly-LwM2M-Client/2305-Wakaama/core/packet.c:794:25: warning: ‘block2_size’ may be used uninitialized [-Wmaybe-uninitialized]
  794 |                         LOG_ARG("Blockwise: block2 response NUM %u (SZX %u/ SZX Max%u) MORE %u", block2_num,
      |                         ^
/mnt/d/Dev/Friendly-LwM2M-Client/2305-Wakaama/core/packet.c:788:34: note: ‘block2_size’ was declared here
  788 |                         uint16_t block2_size;
      |                                  ^
/mnt/d/Dev/Friendly-LwM2M-Client/2305-Wakaama/core/packet.c:798:43: warning: ‘block2_more’ may be used uninitialized [-Wmaybe-uninitialized]
  798 |                         coap_error_code = coap_block2_handler(&peerP->blockData, message->mid, message->payload, message->payload_len, block2_size, block2_num, block2_more, &complete_buffer, &complete_buffer_size);
      |                                           ^
/mnt/d/Dev/Friendly-LwM2M-Client/2305-Wakaama/core/packet.c:787:34: note: ‘block2_more’ was declared here
  787 |                         uint8_t  block2_more;
      |                                  ^
In function ‘coap_block2_handler’,
    inlined from ‘lwm2m_handle_packet’ at /mnt/d/Dev/Friendly-LwM2M-Client/2305-Wakaama/core/packet.c:798:43:
/mnt/d/Dev/Friendly-LwM2M-Client/2305-Wakaama/coap/block.c:345:12: warning: ‘block2_num’ may be used uninitialized [-Wmaybe-uninitialized]
  345 |     return prv_coap_block_handler(pBlockDataHead, identifier, BLOCK_2, buffer, length, blockSize, blockNum, blockMore, outputBuffer, outputLength);
      |            ^
/mnt/d/Dev/Friendly-LwM2M-Client/2305-Wakaama/core/packet.c: In function ‘lwm2m_handle_packet’:
/mnt/d/Dev/Friendly-LwM2M-Client/2305-Wakaama/core/packet.c:786:34: note: ‘block2_num’ was declared here
  786 |                         uint32_t block2_num;
      |                                  ^
/mnt/d/Dev/Friendly-LwM2M-Client/2305-Wakaama/core/packet.c:583:21: warning: ‘block1_size’ may be used uninitialized [-Wmaybe-uninitialized]
  583 |                     LOG_ARG("Blockwise: block1 request NUM %u (SZX %u/ SZX Max%u) MORE %u", block1_num, block1_size,
      |                     ^
/mnt/d/Dev/Friendly-LwM2M-Client/2305-Wakaama/core/packet.c:577:30: note: ‘block1_size’ was declared here
  577 |                     uint16_t block1_size;
      |                              ^
/mnt/d/Dev/Friendly-LwM2M-Client/2305-Wakaama/core/packet.c:583:21: warning: ‘block1_more’ may be used uninitialized [-Wmaybe-uninitialized]
  583 |                     LOG_ARG("Blockwise: block1 request NUM %u (SZX %u/ SZX Max%u) MORE %u", block1_num, block1_size,
      |                     ^
/mnt/d/Dev/Friendly-LwM2M-Client/2305-Wakaama/core/packet.c:576:30: note: ‘block1_more’ was declared here
  576 |                     uint8_t  block1_more;
      |                              ^
/mnt/d/Dev/Friendly-LwM2M-Client/2305-Wakaama/core/packet.c:583:21: warning: ‘block1_num’ may be used uninitialized [-Wmaybe-uninitialized]
  583 |                     LOG_ARG("Blockwise: block1 request NUM %u (SZX %u/ SZX Max%u) MORE %u", block1_num, block1_size,
      |                     ^
/mnt/d/Dev/Friendly-LwM2M-Client/2305-Wakaama/core/packet.c:575:30: note: ‘block1_num’ was declared here
  575 |                     uint32_t block1_num;
      |                              ^
/mnt/d/Dev/Friendly-LwM2M-Client/2305-Wakaama/data/json.c: In function ‘json_parse’:
/mnt/d/Dev/Friendly-LwM2M-Client/2305-Wakaama/data/json.c:631:36: warning: ‘size’ may be used uninitialized [-Wmaybe-uninitialized]
  631 |                     for (i = 0 ; i < size && resP == NULL; i++)
      |                                    ^
/mnt/d/Dev/Friendly-LwM2M-Client/2305-Wakaama/data/json.c:556:13: note: ‘size’ was declared here
  556 |         int size;
      |             ^
In function ‘senml_json_parse’,
    inlined from ‘lwm2m_data_parse’ at /mnt/d/Dev/Friendly-LwM2M-Client/2305-Wakaama/data/data.c:856:16:
/mnt/d/Dev/Friendly-LwM2M-Client/2305-Wakaama/data/senml_json.c:713:32: warning: ‘size’ may be used uninitialized [-Wmaybe-uninitialized]
  713 |                 for (i = 0 ; i < size && resP == NULL; i++)
      |                                ^
/mnt/d/Dev/Friendly-LwM2M-Client/2305-Wakaama/data/senml_json.c: In function ‘lwm2m_data_parse’:
/mnt/d/Dev/Friendly-LwM2M-Client/2305-Wakaama/data/senml_json.c:673:9: note: ‘size’ was declared here
  673 |     int size;
      |         ^
[ 90%] Built target friendly_lwm2m
[ 95%] Building CXX object CMakeFiles/test_firmware_update_object.dir/test/test_firmware_update_object.cpp.o
[ 95%] Building CXX object CMakeFiles/test_delta_algorithms.dir/test/test_delta_algorithms.cpp.o
[ 95%] Building CXX object CMakeFiles/test_blockwise_transfer.dir/test/test_blockwise_transfer.cpp.o
[ 95%] Building CXX object CMakeFiles/test_rollback_manager.dir/test/test_rollback_manager.cpp.o
/mnt/d/Dev/Friendly-LwM2M-Client/test/test_rollback_manager.cpp: In member function ‘virtual lwm2m::platform::PlatformResult lwm2m::firmware::test::MockPartitionManager::verifyPartition(lwm2m::platform::PartitionSlot, const std::vector<unsigned char>&)’:
/mnt/d/Dev/Friendly-LwM2M-Client/test/test_rollback_manager.cpp:98:70: warning: unused parameter ‘slot’ [-Wunused-parameter]
   98 |     platform::PlatformResult verifyPartition(platform::PartitionSlot slot,
      |                                              ~~~~~~~~~~~~~~~~~~~~~~~~^~~~
/mnt/d/Dev/Friendly-LwM2M-Client/test/test_rollback_manager.cpp:99:75: warning: unused parameter ‘expectedChecksum’ [-Wunused-parameter]
   99 |                                               const std::vector<uint8_t>& expectedChecksum) override {
      |                                               ~~~~~~~~~~~~~~~~~~~~~~~~~~~~^~~~~~~~~~~~~~~~
[ 96%] Linking CXX executable test_blockwise_transfer
[ 97%] Linking CXX executable test_rollback_manager
[ 98%] Linking CXX executable test_firmware_update_object
[100%] Linking CXX executable test_delta_algorithms
[100%] Built target test_blockwise_transfer
[100%] Built target test_delta_algorithms
[100%] Built target test_rollback_manager
/usr/bin/ld: /usr/lib/x86_64-linux-gnu/libbrotlidec.a(decode.c.o): in function `DecodeLiteralBlockSwitch':
(.text+0x82c): undefined reference to `_kBrotliPrefixCodeRanges'
/usr/bin/ld: (.text+0x938): undefined reference to `_kBrotliContextLookupTable'
/usr/bin/ld: /usr/lib/x86_64-linux-gnu/libbrotlidec.a(decode.c.o): in function `SafeDecodeLiteralBlockSwitch':
(.text+0xa32): undefined reference to `_kBrotliPrefixCodeRanges'
/usr/bin/ld: (.text+0xcae): undefined reference to `_kBrotliContextLookupTable'
/usr/bin/ld: /usr/lib/x86_64-linux-gnu/libbrotlidec.a(decode.c.o): in function `DecodeCommandBlockSwitch':
(.text+0xe64): undefined reference to `_kBrotliPrefixCodeRanges'
/usr/bin/ld: /usr/lib/x86_64-linux-gnu/libbrotlidec.a(decode.c.o): in function `SafeDecodeCommandBlockSwitch':
(.text+0x1022): undefined reference to `_kBrotliPrefixCodeRanges'
/usr/bin/ld: /usr/lib/x86_64-linux-gnu/libbrotlidec.a(decode.c.o): in function `DecodeDistanceBlockSwitch':
(.text+0x13f4): undefined reference to `_kBrotliPrefixCodeRanges'
/usr/bin/ld: /usr/lib/x86_64-linux-gnu/libbrotlidec.a(decode.c.o): in function `SafeDecodeDistanceBlockSwitch':
(.text+0x15c2): undefined reference to `_kBrotliPrefixCodeRanges'
/usr/bin/ld: /usr/lib/x86_64-linux-gnu/libbrotlidec.a(decode.c.o): in function `ProcessCommands':
(.text+0x382a): undefined reference to `BrotliTransformDictionaryWord'
/usr/bin/ld: /usr/lib/x86_64-linux-gnu/libbrotlidec.a(decode.c.o): in function `SafeProcessCommands':
(.text+0x4248): undefined reference to `BrotliTransformDictionaryWord'
/usr/bin/ld: /usr/lib/x86_64-linux-gnu/libbrotlidec.a(decode.c.o): in function `BrotliDecoderAttachDictionary':
(.text+0x4fc1): undefined reference to `BrotliSharedDictionaryAttach'
/usr/bin/ld: /usr/lib/x86_64-linux-gnu/libbrotlidec.a(decode.c.o): in function `BrotliDecoderDecompressStream':
(.text+0x58e0): undefined reference to `_kBrotliPrefixCodeRanges'
/usr/bin/ld: (.text+0x5cb4): undefined reference to `_kBrotliContextLookupTable'
/usr/bin/ld: /usr/lib/x86_64-linux-gnu/libbrotlidec.a(state.c.o): in function `BrotliDecoderStateInit':
(.text+0x11f): undefined reference to `BrotliSharedDictionaryCreateInstance'
/usr/bin/ld: (.text+0x15b): undefined reference to `BrotliDefaultAllocFunc'
/usr/bin/ld: (.text+0x162): undefined reference to `BrotliDefaultFreeFunc'
/usr/bin/ld: /usr/lib/x86_64-linux-gnu/libbrotlidec.a(state.c.o): in function `BrotliDecoderStateCleanup':
(.text+0x306): undefined reference to `BrotliSharedDictionaryDestroyInstance'
collect2: error: ld returned 1 exit status
make[2]: *** [CMakeFiles/test_firmware_update_object.dir/build.make:128: test_firmware_update_object] Error 1
make[1]: *** [CMakeFiles/Makefile2:1354: CMakeFiles/test_firmware_update_object.dir/all] Error 2
make[1]: *** Waiting for unfinished jobs....
In function ‘observe_handleRequest’,
    inlined from ‘prv_handle_observe_operation’ at /mnt/d/Dev/Friendly-LwM2M-Client/2305-Wakaama/core/management.c:298:14,
    inlined from ‘dm_handleRequest’ at /mnt/d/Dev/Friendly-LwM2M-Client/2305-Wakaama/core/management.c:435:18,
    inlined from ‘handle_request.constprop’ at /mnt/d/Dev/Friendly-LwM2M-Client/2305-Wakaama/core/packet.c:168:22:
/mnt/d/Dev/Friendly-LwM2M-Client/2305-Wakaama/core/observe.c:181:5: warning: ‘count’ may be used uninitialized [-Wmaybe-uninitialized]
  181 |     switch (count)
      |     ^
/mnt/d/Dev/Friendly-LwM2M-Client/2305-Wakaama/core/observe.c: In function ‘handle_request.constprop’:
/mnt/d/Dev/Friendly-LwM2M-Client/2305-Wakaama/core/observe.c:172:14: note: ‘count’ was declared here
  172 |     uint32_t count;
      |              ^
Creating binary file
Creating hex file
Compiled program size
   text	   data	    bss	    dec	    hex	filename
14178792	4414272	  38664	18631728	11c4c30	/mnt/d/Dev/Friendly-LwM2M-Client/build/examples/friendly_example_client
[100%] Built target friendly_example_client
make: *** [Makefile:166: all] Error 2

Checking for previous build errors...
  ✓ No GSSAPI linking errors
  ✓ No OpenSSL linking errors

Checking built executables...
  ✓ friendly_example_client built successfully
  ✗ test_firmware_update_object not found

Verifying library linkage...

Libraries linked by friendly_example_client:
	libssl.so.3 => /lib/x86_64-linux-gnu/libssl.so.3 (0x00007d9a4622e000)
	libcrypto.so.3 => /lib/x86_64-linux-gnu/libcrypto.so.3 (0x00007d9a45200000)

==========================================
Summary
==========================================
✗ BUILD HAD ISSUES
  - Some executables failed to build

See build_output.log for details
