/mnt/d/Dev/Friendly-LwM2M-Client/wpp/registry/data_model/object/ObjectImpl.h:79:9: error: there are no arguments to ‘lwm2m_update_registration’ that depend on a template parameter, so a declaration of ‘lwm2m_update_registration’ must be available [-fpermissive]
/mnt/d/Dev/Friendly-LwM2M-Client/wpp/registry/objects/w_10525_wan_failover_policy/WanFailoverPolicyInfo.h:15:14: error: ‘Lwm2mObjectMetaInfo’ does not name a type
/mnt/d/Dev/Friendly-LwM2M-Client/wpp/registry/objects/w_10526_multiwan_health_check/MultiWanHealthCheckInfo.h:15:14: error: ‘Lwm2mObjectMetaInfo’ does not name a type
/mnt/d/Dev/Friendly-LwM2M-Client/wpp/registry/objects/w_10532_zigbee_coordinator/ZigbeeCoordinatorInfo.h:15:14: error: ‘Lwm2mObjectMetaInfo’ does not name a type
/mnt/d/Dev/Friendly-LwM2M-Client/wpp/registry/objects/w_10533_zigbee_device/ZigbeeDeviceInfo.h:15:14: error: ‘Lwm2mObjectMetaInfo’ does not name a type
/mnt/d/Dev/Friendly-LwM2M-Client/wpp/registry/objects/w_10534_zigbee_group/ZigbeeGroupInfo.h:15:14: error: ‘Lwm2mObjectMetaInfo’ does not name a type
/mnt/d/Dev/Friendly-LwM2M-Client/wpp/registry/objects/w_10536_routing_table/RoutingTableInfo.h:15:14: error: ‘Lwm2mObjectMetaInfo’ does not name a type
/mnt/d/Dev/Friendly-LwM2M-Client/wpp/client/WppClient.h:127:9: error: ‘lwm2m_client_state_t’ does not name a type; did you mean ‘lwm2m_client_t’?
/mnt/d/Dev/Friendly-LwM2M-Client/wpp/registry/objects/w_10529_matter_bridge/MatterBridge.cpp:29:12: error: ‘matterBridge’ was not declared in this scope; did you mean ‘MatterBridge’?
/mnt/d/Dev/Friendly-LwM2M-Client/wpp/registry/objects/w_10529_matter_bridge/MatterBridge.cpp:61:36: error: ‘class wpp::Resource’ has no member named ‘setExecuteHandler’
/mnt/d/Dev/Friendly-LwM2M-Client/wpp/registry/objects/w_10529_matter_bridge/MatterBridge.cpp:62:32: error: ‘class wpp::Resource’ has no member named ‘setExecuteHandler’
/mnt/d/Dev/Friendly-LwM2M-Client/wpp/registry/objects/w_10529_matter_bridge/MatterBridge.cpp:63:35: error: ‘class wpp::Resource’ has no member named ‘setExecuteHandler’
/mnt/d/Dev/Friendly-LwM2M-Client/wpp/registry/objects/w_10529_matter_bridge/MatterBridge.cpp:64:36: error: ‘class wpp::Resource’ has no member named ‘setExecuteHandler’
/mnt/d/Dev/Friendly-LwM2M-Client/wpp/registry/objects/w_10529_matter_bridge/MatterBridge.cpp:67:16: error: return-statement with a value, in function returning ‘void’ [-fpermissive]
gmake[2]: *** [CMakeFiles/friendly_lwm2m.dir/build.make:303: CMakeFiles/friendly_lwm2m.dir/wpp/registry/objects/w_10529_matter_bridge/MatterBridge.cpp.o] Error 1
/mnt/d/Dev/Friendly-LwM2M-Client/wpp/registry/objects/w_10528_wifi_channel_optimization/WifiChannelOptimizationInfo.h:15:14: error: ‘Lwm2mObjectMetaInfo’ does not name a type
/mnt/d/Dev/Friendly-LwM2M-Client/wpp/registry/objects/w_10527_wifi_client_management/WifiClientManagementInfo.h:15:14: error: ‘Lwm2mObjectMetaInfo’ does not name a type
/mnt/d/Dev/Friendly-LwM2M-Client/wpp/registry/objects/w_10525_wan_failover_policy/WanFailoverPolicyInfo.h:15:14: error: ‘Lwm2mObjectMetaInfo’ does not name a type
/mnt/d/Dev/Friendly-LwM2M-Client/wpp/registry/objects/w_10528_wifi_channel_optimization/WifiChannelOptimization.h:78:47: error: ‘void wpp::WifiChannelOptimization::serverOperationNotifier(wpp::ItemOp*)’ marked ‘override’, but does not override
/mnt/d/Dev/Friendly-LwM2M-Client/wpp/registry/objects/w_10528_wifi_channel_optimization/WifiChannelOptimization.h:78:108: error: ‘void wpp::WifiChannelOptimization::userOperationNotifier(wpp::ItemOp*)’ marked ‘override’, but does not override
/mnt/d/Dev/Friendly-LwM2M-Client/wpp/registry/data_model/object/ObjectImpl.h:79:9: error: there are no arguments to ‘lwm2m_update_registration’ that depend on a template parameter, so a declaration of ‘lwm2m_update_registration’ must be available [-fpermissive]
/mnt/d/Dev/Friendly-LwM2M-Client/wpp/registry/objects/w_10525_wan_failover_policy/WanFailoverPolicyInfo.h:15:14: error: ‘Lwm2mObjectMetaInfo’ does not name a type
/mnt/d/Dev/Friendly-LwM2M-Client/wpp/registry/objects/w_10526_multiwan_health_check/MultiWanHealthCheckInfo.h:15:14: error: ‘Lwm2mObjectMetaInfo’ does not name a type
/mnt/d/Dev/Friendly-LwM2M-Client/wpp/registry/objects/w_10527_wifi_client_management/WifiClientManagement.h:67:10: error: ‘void wpp::WifiClientManagement::serverOperationNotifier(wpp::ItemOp*)’ marked ‘override’, but does not override
/mnt/d/Dev/Friendly-LwM2M-Client/wpp/registry/objects/w_10527_wifi_client_management/WifiClientManagement.h:68:10: error: ‘void wpp::WifiClientManagement::userOperationNotifier(wpp::ItemOp*)’ marked ‘override’, but does not override
/mnt/d/Dev/Friendly-LwM2M-Client/wpp/registry/data_model/object/ObjectImpl.h:79:9: error: there are no arguments to ‘lwm2m_update_registration’ that depend on a template parameter, so a declaration of ‘lwm2m_update_registration’ must be available [-fpermissive]
/mnt/d/Dev/Friendly-LwM2M-Client/wpp/registry/objects/w_10526_multiwan_health_check/MultiWanHealthCheckInfo.h:15:14: error: ‘Lwm2mObjectMetaInfo’ does not name a type
/mnt/d/Dev/Friendly-LwM2M-Client/wpp/registry/data_model/object/ObjectImpl.h:79:9: error: there are no arguments to ‘lwm2m_update_registration’ that depend on a template parameter, so a declaration of ‘lwm2m_update_registration’ must be available [-fpermissive]
/mnt/d/Dev/Friendly-LwM2M-Client/wpp/registry/objects/w_10525_wan_failover_policy/WanFailoverPolicyInfo.h:15:14: error: ‘Lwm2mObjectMetaInfo’ does not name a type
/mnt/d/Dev/Friendly-LwM2M-Client/wpp/registry/objects/w_10526_multiwan_health_check/MultiWanHealthCheckInfo.h:15:14: error: ‘Lwm2mObjectMetaInfo’ does not name a type
/mnt/d/Dev/Friendly-LwM2M-Client/wpp/registry/objects/w_10532_zigbee_coordinator/ZigbeeCoordinatorInfo.h:15:14: error: ‘Lwm2mObjectMetaInfo’ does not name a type
/mnt/d/Dev/Friendly-LwM2M-Client/wpp/registry/objects/w_10533_zigbee_device/ZigbeeDeviceInfo.h:15:14: error: ‘Lwm2mObjectMetaInfo’ does not name a type
/mnt/d/Dev/Friendly-LwM2M-Client/wpp/registry/objects/w_10534_zigbee_group/ZigbeeGroupInfo.h:15:14: error: ‘Lwm2mObjectMetaInfo’ does not name a type
/mnt/d/Dev/Friendly-LwM2M-Client/wpp/registry/objects/w_10536_routing_table/RoutingTableInfo.h:15:14: error: ‘Lwm2mObjectMetaInfo’ does not name a type
  458 |         WPP_LOGD(TAG, "HTTP probe timeout or error");
/mnt/d/Dev/Friendly-LwM2M-Client/wpp/client/WppClient.h:127:9: error: ‘lwm2m_client_state_t’ does not name a type; did you mean ‘lwm2m_client_t’?
/mnt/d/Dev/Friendly-LwM2M-Client/wpp/registry/objects/w_10532_zigbee_coordinator/ZigbeeCoordinatorInfo.h:15:14: error: ‘Lwm2mObjectMetaInfo’ does not name a type
/mnt/d/Dev/Friendly-LwM2M-Client/wpp/registry/objects/w_10533_zigbee_device/ZigbeeDeviceInfo.h:15:14: error: ‘Lwm2mObjectMetaInfo’ does not name a type
  585 |         WPP_LOGD(TAG, "TCP probe timeout or error");
/mnt/d/Dev/Friendly-LwM2M-Client/wpp/registry/objects/w_10534_zigbee_group/ZigbeeGroupInfo.h:15:14: error: ‘Lwm2mObjectMetaInfo’ does not name a type
/mnt/d/Dev/Friendly-LwM2M-Client/wpp/registry/objects/w_10532_zigbee_coordinator/ZigbeeCoordinatorInfo.h:15:14: error: ‘Lwm2mObjectMetaInfo’ does not name a type
/mnt/d/Dev/Friendly-LwM2M-Client/wpp/registry/objects/w_10533_zigbee_device/ZigbeeDeviceInfo.h:15:14: error: ‘Lwm2mObjectMetaInfo’ does not name a type
/mnt/d/Dev/Friendly-LwM2M-Client/wpp/registry/objects/w_10534_zigbee_group/ZigbeeGroupInfo.h:15:14: error: ‘Lwm2mObjectMetaInfo’ does not name a type
/mnt/d/Dev/Friendly-LwM2M-Client/wpp/registry/objects/w_10536_routing_table/RoutingTableInfo.h:15:14: error: ‘Lwm2mObjectMetaInfo’ does not name a type
/mnt/d/Dev/Friendly-LwM2M-Client/wpp/client/WppClient.h:127:9: error: ‘lwm2m_client_state_t’ does not name a type; did you mean ‘lwm2m_client_t’?
/mnt/d/Dev/Friendly-LwM2M-Client/wpp/registry/objects/w_10536_routing_table/RoutingTableInfo.h:15:14: error: ‘Lwm2mObjectMetaInfo’ does not name a type
/mnt/d/Dev/Friendly-LwM2M-Client/wpp/client/WppClient.h:127:9: error: ‘lwm2m_client_state_t’ does not name a type; did you mean ‘lwm2m_client_t’?
/mnt/d/Dev/Friendly-LwM2M-Client/wpp/registry/objects/w_10526_multiwan_health_check/MultiWanHealthCheckInfo.h:15:14: error: ‘Lwm2mObjectMetaInfo’ does not name a type
/mnt/d/Dev/Friendly-LwM2M-Client/wpp/registry/objects/w_10528_wifi_channel_optimization/WifiChannelOptimization.cpp:27:12: error: ‘wifiChannelOptimization’ was not declared in this scope; did you mean ‘WifiChannelOptimization’?
/mnt/d/Dev/Friendly-LwM2M-Client/wpp/registry/objects/w_10528_wifi_channel_optimization/WifiChannelOptimization.cpp:31:37: error: ‘class wpp::WppRegistry’ has no member named ‘wifiChannelOptimization’
/mnt/d/Dev/Friendly-LwM2M-Client/wpp/registry/objects/w_10528_wifi_channel_optimization/WifiChannelOptimization.cpp:37:37: error: ‘class wpp::WppRegistry’ has no member named ‘wifiChannelOptimization’
/mnt/d/Dev/Friendly-LwM2M-Client/wpp/registry/objects/w_10528_wifi_channel_optimization/WifiChannelOptimization.cpp:43:27: error: ‘class wpp::WppRegistry’ has no member named ‘wifiChannelOptimization’
/mnt/d/Dev/Friendly-LwM2M-Client/wpp/registry/objects/w_10528_wifi_channel_optimization/WifiChannelOptimization.cpp:58:28: error: ‘class wpp::Resource’ has no member named ‘setExecuteHandler’
/mnt/d/Dev/Friendly-LwM2M-Client/wpp/registry/objects/w_10528_wifi_channel_optimization/WifiChannelOptimization.cpp:59:36: error: ‘class wpp::Resource’ has no member named ‘setExecuteHandler’
/mnt/d/Dev/Friendly-LwM2M-Client/wpp/registry/objects/w_10528_wifi_channel_optimization/WifiChannelOptimization.cpp:60:31: error: ‘class wpp::Resource’ has no member named ‘setExecuteHandler’
/mnt/d/Dev/Friendly-LwM2M-Client/wpp/registry/objects/w_10528_wifi_channel_optimization/WifiChannelOptimization.cpp:61:30: error: ‘class wpp::Resource’ has no member named ‘setExecuteHandler’
/mnt/d/Dev/Friendly-LwM2M-Client/wpp/registry/objects/w_10528_wifi_channel_optimization/WifiChannelOptimization.cpp:519:5: error: ‘getMultiple’ was not declared in this scope; did you mean ‘isMultiple’?
/mnt/d/Dev/Friendly-LwM2M-Client/wpp/registry/objects/w_10525_wan_failover_policy/WanFailoverPolicy.cpp:91:116: error: ‘NONE’ is not a member of ‘wpp::TYPE_ID’
/mnt/d/Dev/Friendly-LwM2M-Client/wpp/registry/objects/w_10525_wan_failover_policy/WanFailoverPolicy.cpp:92:116: error: ‘NONE’ is not a member of ‘wpp::TYPE_ID’
/mnt/d/Dev/Friendly-LwM2M-Client/wpp/registry/objects/w_10525_wan_failover_policy/WanFailoverPolicy.cpp:93:116: error: ‘NONE’ is not a member of ‘wpp::TYPE_ID’
/mnt/d/Dev/Friendly-LwM2M-Client/wpp/registry/objects/w_10525_wan_failover_policy/WanFailoverPolicy.cpp:94:116: error: ‘NONE’ is not a member of ‘wpp::TYPE_ID’
/mnt/d/Dev/Friendly-LwM2M-Client/wpp/registry/objects/w_10525_wan_failover_policy/WanFailoverPolicy.cpp:95:5: error: could not convert ‘{{wpp::WanFailoverPolicy::POLICY_NAME_0, wpp::ItemOp(((int)((uint8_t)((int)(((wpp::ItemOp::TYPE)((unsigned char)((int)wpp::ItemOp::READ))) | ((wpp::ItemOp::TYPE)((unsigned char)((int)wpp::ItemOp::WRITE)))))))), wpp::IS_SINGLE::SINGLE, wpp::IS_MANDATORY::MANDATORY, wpp::TYPE_ID::STRING}, {wpp::WanFailoverPolicy::PRIMARY_WAN_1, wpp::ItemOp(((int)((uint8_t)((int)(((wpp::ItemOp::TYPE)((unsigned char)((int)wpp::ItemOp::READ))) | ((wpp::ItemOp::TYPE)((unsigned char)((int)wpp::ItemOp::WRITE)))))))), wpp::IS_SINGLE::SINGLE, wpp::IS_MANDATORY::MANDATORY, wpp::TYPE_ID::STRING}, {wpp::WanFailoverPolicy::SECONDARY_WAN_2, wpp::ItemOp(((int)((uint8_t)((int)(((wpp::ItemOp::TYPE)((unsigned char)((int)wpp::ItemOp::READ))) | ((wpp::ItemOp::TYPE)((unsigned char)((int)wpp::ItemOp::WRITE)))))))), wpp::IS_SINGLE::SINGLE, wpp::IS_MANDATORY::OPTIONAL, wpp::TYPE_ID::STRING}, {wpp::WanFailoverPolicy::TERTIARY_WAN_3, wpp::ItemOp(((int)((uint8_t)((int)(((wpp::ItemOp::TYPE)((unsigned char)((int)wpp::ItemOp::READ))) | ((wpp::ItemOp::TYPE)((unsigned char)((int)wpp::ItemOp::WRITE)))))))), wpp::IS_SINGLE::SINGLE, wpp::IS_MANDATORY::OPTIONAL, wpp::TYPE_ID::STRING}, {wpp::WanFailoverPolicy::MODE_4, wpp::ItemOp(((int)((uint8_t)((int)(((wpp::ItemOp::TYPE)((unsigned char)((int)wpp::ItemOp::READ))) | ((wpp::ItemOp::TYPE)((unsigned char)((int)wpp::ItemOp::WRITE)))))))), wpp::IS_SINGLE::SINGLE, wpp::IS_MANDATORY::MANDATORY, wpp::TYPE_ID::INT}, {wpp::WanFailoverPolicy::PRIMARY_WEIGHT_5, wpp::ItemOp(((int)((uint8_t)((int)(((wpp::ItemOp::TYPE)((unsigned char)((int)wpp::ItemOp::READ))) | ((wpp::ItemOp::TYPE)((unsigned char)((int)wpp::ItemOp::WRITE)))))))), wpp::IS_SINGLE::SINGLE, wpp::IS_MANDATORY::OPTIONAL, wpp::TYPE_ID::INT}, {wpp::WanFailoverPolicy::SECONDARY_WEIGHT_6, wpp::ItemOp(((int)((uint8_t)((int)(((wpp::ItemOp::TYPE)((unsigned char)((int)wpp::ItemOp::READ))) | ((wpp::ItemOp::TYPE)((unsigned char)((int)wpp::ItemOp::WRITE)))))))), wpp::IS_SINGLE::SINGLE, wpp::IS_MANDATORY::OPTIONAL, wpp::TYPE_ID::INT}, {wpp::WanFailoverPolicy::TERTIARY_WEIGHT_7, wpp::ItemOp(((int)((uint8_t)((int)(((wpp::ItemOp::TYPE)((unsigned char)((int)wpp::ItemOp::READ))) | ((wpp::ItemOp::TYPE)((unsigned char)((int)wpp::ItemOp::WRITE)))))))), wpp::IS_SINGLE::SINGLE, wpp::IS_MANDATORY::OPTIONAL, wpp::TYPE_ID::INT}, {wpp::WanFailoverPolicy::FAILOVER_THRESHOLD_8, wpp::ItemOp(((int)((uint8_t)((int)(((wpp::ItemOp::TYPE)((unsigned char)((int)wpp::ItemOp::READ))) | ((wpp::ItemOp::TYPE)((unsigned char)((int)wpp::ItemOp::WRITE)))))))), wpp::IS_SINGLE::SINGLE, wpp::IS_MANDATORY::OPTIONAL, wpp::TYPE_ID::INT}, {wpp::WanFailoverPolicy::FAILBACK_MODE_9, wpp::ItemOp(((int)((uint8_t)((int)(((wpp::ItemOp::TYPE)((unsigned char)((int)wpp::ItemOp::READ))) | ((wpp::ItemOp::TYPE)((unsigned char)((int)wpp::ItemOp::WRITE)))))))), wpp::IS_SINGLE::SINGLE, wpp::IS_MANDATORY::OPTIONAL, wpp::TYPE_ID::INT}, {wpp::WanFailoverPolicy::FAILBACK_DELAY_10, wpp::ItemOp(((int)((uint8_t)((int)(((wpp::ItemOp::TYPE)((unsigned char)((int)wpp::ItemOp::READ))) | ((wpp::ItemOp::TYPE)((unsigned char)((int)wpp::ItemOp::WRITE)))))))), wpp::IS_SINGLE::SINGLE, wpp::IS_MANDATORY::OPTIONAL, wpp::TYPE_ID::INT}, {wpp::WanFailoverPolicy::CURRENT_ACTIVE_WAN_11, wpp::ItemOp(((int)((uint8_t)wpp::ItemOp::READ))), wpp::IS_SINGLE::SINGLE, wpp::IS_MANDATORY::MANDATORY, wpp::TYPE_ID::STRING}, {wpp::WanFailoverPolicy::POLICY_STATE_12, wpp::ItemOp(((int)((uint8_t)wpp::ItemOp::READ))), wpp::IS_SINGLE::SINGLE, wpp::IS_MANDATORY::MANDATORY, wpp::TYPE_ID::INT}, {wpp::WanFailoverPolicy::LAST_FAILOVER_TIME_13, wpp::ItemOp(((int)((uint8_t)wpp::ItemOp::READ))), wpp::IS_SINGLE::SINGLE, wpp::IS_MANDATORY::OPTIONAL, wpp::TYPE_ID::TIME}, {wpp::WanFailoverPolicy::FAILOVER_COUNT_14, wpp::ItemOp(((int)((uint8_t)wpp::ItemOp::READ))), wpp::IS_SINGLE::SINGLE, wpp::IS_MANDATORY::OPTIONAL, wpp::TYPE_ID::INT}, {wpp::WanFailoverPolicy::STICKY_CONNECTIONS_15, wpp::ItemOp(((int)((uint8_t)((int)(((wpp::ItemOp::TYPE)((unsigned char)((int)wpp::ItemOp::READ))) | ((wpp::ItemOp::TYPE)((unsigned char)((int)wpp::ItemOp::WRITE)))))))), wpp::IS_SINGLE::SINGLE, wpp::IS_MANDATORY::OPTIONAL, wpp::TYPE_ID::BOOL}, {wpp::WanFailoverPolicy::INTERFACE_RULES_16, wpp::ItemOp(((int)((uint8_t)((int)(((wpp::ItemOp::TYPE)((unsigned char)((int)wpp::ItemOp::READ))) | ((wpp::ItemOp::TYPE)((unsigned char)((int)wpp::ItemOp::WRITE)))))))), wpp::IS_SINGLE::MULTIPLE, wpp::IS_MANDATORY::OPTIONAL, wpp::TYPE_ID::STRING}, {wpp::WanFailoverPolicy::APPLY_POLICY_17, wpp::ItemOp(((int)((uint8_t)wpp::ItemOp::EXECUTE))), wpp::IS_SINGLE::SINGLE, wpp::IS_MANDATORY::OPTIONAL, <expression error>}, {wpp::WanFailoverPolicy::FORCE_FAILOVER_18, wpp::ItemOp(((int)((uint8_t)wpp::ItemOp::EXECUTE))), wpp::IS_SINGLE::SINGLE, wpp::IS_MANDATORY::OPTIONAL, <expression error>}, {wpp::WanFailoverPolicy::FORCE_FAILBACK_19, wpp::ItemOp(((int)((uint8_t)wpp::ItemOp::EXECUTE))), wpp::IS_SINGLE::SINGLE, wpp::IS_MANDATORY::OPTIONAL, <expression error>}, {wpp::WanFailoverPolicy::RESET_COUNTERS_20, wpp::ItemOp(((int)((uint8_t)wpp::ItemOp::EXECUTE))), wpp::IS_SINGLE::SINGLE, wpp::IS_MANDATORY::OPTIONAL, <expression error>}}’ from ‘<brace-enclosed initializer list>’ to ‘std::vector<wpp::Resource>’
/mnt/d/Dev/Friendly-LwM2M-Client/wpp/registry/objects/w_10527_wifi_client_management/WifiClientManagement.cpp:31:27: error: ‘class wpp::WppRegistry’ has no member named ‘wifiClientManagement’
/mnt/d/Dev/Friendly-LwM2M-Client/wpp/registry/objects/w_10527_wifi_client_management/WifiClientManagement.cpp:35:37: error: ‘class wpp::WppRegistry’ has no member named ‘wifiClientManagement’
/mnt/d/Dev/Friendly-LwM2M-Client/wpp/registry/objects/w_10527_wifi_client_management/WifiClientManagement.cpp:41:37: error: ‘class wpp::WppRegistry’ has no member named ‘wifiClientManagement’
/mnt/d/Dev/Friendly-LwM2M-Client/wpp/registry/objects/w_10527_wifi_client_management/WifiClientManagement.cpp:47:27: error: ‘class wpp::WppRegistry’ has no member named ‘wifiClientManagement’
/mnt/d/Dev/Friendly-LwM2M-Client/wpp/registry/objects/w_10527_wifi_client_management/WifiClientManagement.cpp:80:37: error: ‘class wpp::Resource’ has no member named ‘setExecuteHandler’
/mnt/d/Dev/Friendly-LwM2M-Client/wpp/registry/objects/w_10527_wifi_client_management/WifiClientManagement.cpp:81:36: error: ‘class wpp::Resource’ has no member named ‘setExecuteHandler’
/mnt/d/Dev/Friendly-LwM2M-Client/wpp/registry/objects/w_10527_wifi_client_management/WifiClientManagement.cpp:82:36: error: ‘class wpp::Resource’ has no member named ‘setExecuteHandler’
/mnt/d/Dev/Friendly-LwM2M-Client/wpp/registry/objects/w_10527_wifi_client_management/WifiClientManagement.cpp:83:33: error: ‘class wpp::Resource’ has no member named ‘setExecuteHandler’
/mnt/d/Dev/Friendly-LwM2M-Client/wpp/registry/objects/w_10525_wan_failover_policy/WanFailoverPolicy.cpp:126:39: error: cannot convert ‘wpp::WanFailoverPolicy::resourcesCreate()::<lambda(const wpp::INT_T&)>’ to ‘const wpp::Resource::DATA_VERIFIER_T&’ {aka ‘const std::variant<std::function<bool(const long int&)>, std::function<bool(const long unsigned int&)>, std::function<bool(const double&)>, std::function<bool(const std::vector<unsigned char, std::allocator<unsigned char> >&)>, std::function<bool(const bool&)>, std::function<bool(const wpp::OBJ_LINK_T&)>, std::function<bool(const std::__cxx11::basic_string<char, std::char_traits<char>, std::allocator<char> >&)>, std::function<bool(const std::function<bool(wpp::Instance&, short unsigned int, const std::vector<unsigned char, std::allocator<unsigned char> >&)>&)> >&’}
/mnt/d/Dev/Friendly-LwM2M-Client/wpp/registry/objects/w_10527_wifi_client_management/WifiClientManagement.cpp:94:48: error: cannot convert ‘wpp::WifiClientManagement::resourcesCreate()::<lambda(const wpp::INT_T&)>’ to ‘const wpp::Resource::DATA_VERIFIER_T&’ {aka ‘const std::variant<std::function<bool(const long int&)>, std::function<bool(const long unsigned int&)>, std::function<bool(const double&)>, std::function<bool(const std::vector<unsigned char, std::allocator<unsigned char> >&)>, std::function<bool(const bool&)>, std::function<bool(const wpp::OBJ_LINK_T&)>, std::function<bool(const std::__cxx11::basic_string<char, std::char_traits<char>, std::allocator<char> >&)>, std::function<bool(const std::function<bool(wpp::Instance&, short unsigned int, const std::vector<unsigned char, std::allocator<unsigned char> >&)>&)> >&’}
/mnt/d/Dev/Friendly-LwM2M-Client/wpp/registry/objects/w_10525_wan_failover_policy/WanFailoverPolicy.cpp:134:49: error: cannot convert ‘wpp::WanFailoverPolicy::resourcesCreate()::<lambda(const wpp::INT_T&)>’ to ‘const wpp::Resource::DATA_VERIFIER_T&’ {aka ‘const std::variant<std::function<bool(const long int&)>, std::function<bool(const long unsigned int&)>, std::function<bool(const double&)>, std::function<bool(const std::vector<unsigned char, std::allocator<unsigned char> >&)>, std::function<bool(const bool&)>, std::function<bool(const wpp::OBJ_LINK_T&)>, std::function<bool(const std::__cxx11::basic_string<char, std::char_traits<char>, std::allocator<char> >&)>, std::function<bool(const std::function<bool(wpp::Instance&, short unsigned int, const std::vector<unsigned char, std::allocator<unsigned char> >&)>&)> >&’}
/mnt/d/Dev/Friendly-LwM2M-Client/wpp/registry/objects/w_10525_wan_failover_policy/WanFailoverPolicy.cpp:142:51: error: cannot convert ‘wpp::WanFailoverPolicy::resourcesCreate()::<lambda(const wpp::INT_T&)>’ to ‘const wpp::Resource::DATA_VERIFIER_T&’ {aka ‘const std::variant<std::function<bool(const long int&)>, std::function<bool(const long unsigned int&)>, std::function<bool(const double&)>, std::function<bool(const std::vector<unsigned char, std::allocator<unsigned char> >&)>, std::function<bool(const bool&)>, std::function<bool(const wpp::OBJ_LINK_T&)>, std::function<bool(const std::__cxx11::basic_string<char, std::char_traits<char>, std::allocator<char> >&)>, std::function<bool(const std::function<bool(wpp::Instance&, short unsigned int, const std::vector<unsigned char, std::allocator<unsigned char> >&)>&)> >&’}
/mnt/d/Dev/Friendly-LwM2M-Client/wpp/registry/objects/w_10525_wan_failover_policy/WanFailoverPolicy.cpp:150:50: error: cannot convert ‘wpp::WanFailoverPolicy::resourcesCreate()::<lambda(const wpp::INT_T&)>’ to ‘const wpp::Resource::DATA_VERIFIER_T&’ {aka ‘const std::variant<std::function<bool(const long int&)>, std::function<bool(const long unsigned int&)>, std::function<bool(const double&)>, std::function<bool(const std::vector<unsigned char, std::allocator<unsigned char> >&)>, std::function<bool(const bool&)>, std::function<bool(const wpp::OBJ_LINK_T&)>, std::function<bool(const std::__cxx11::basic_string<char, std::char_traits<char>, std::allocator<char> >&)>, std::function<bool(const std::function<bool(wpp::Instance&, short unsigned int, const std::vector<unsigned char, std::allocator<unsigned char> >&)>&)> >&’}
/mnt/d/Dev/Friendly-LwM2M-Client/wpp/registry/objects/w_10525_wan_failover_policy/WanFailoverPolicy.cpp:158:53: error: cannot convert ‘wpp::WanFailoverPolicy::resourcesCreate()::<lambda(const wpp::INT_T&)>’ to ‘const wpp::Resource::DATA_VERIFIER_T&’ {aka ‘const std::variant<std::function<bool(const long int&)>, std::function<bool(const long unsigned int&)>, std::function<bool(const double&)>, std::function<bool(const std::vector<unsigned char, std::allocator<unsigned char> >&)>, std::function<bool(const bool&)>, std::function<bool(const wpp::OBJ_LINK_T&)>, std::function<bool(const std::__cxx11::basic_string<char, std::char_traits<char>, std::allocator<char> >&)>, std::function<bool(const std::function<bool(wpp::Instance&, short unsigned int, const std::vector<unsigned char, std::allocator<unsigned char> >&)>&)> >&’}
/mnt/d/Dev/Friendly-LwM2M-Client/wpp/registry/objects/w_10525_wan_failover_policy/WanFailoverPolicy.cpp:166:48: error: cannot convert ‘wpp::WanFailoverPolicy::resourcesCreate()::<lambda(const wpp::INT_T&)>’ to ‘const wpp::Resource::DATA_VERIFIER_T&’ {aka ‘const std::variant<std::function<bool(const long int&)>, std::function<bool(const long unsigned int&)>, std::function<bool(const double&)>, std::function<bool(const std::vector<unsigned char, std::allocator<unsigned char> >&)>, std::function<bool(const bool&)>, std::function<bool(const wpp::OBJ_LINK_T&)>, std::function<bool(const std::__cxx11::basic_string<char, std::char_traits<char>, std::allocator<char> >&)>, std::function<bool(const std::function<bool(wpp::Instance&, short unsigned int, const std::vector<unsigned char, std::allocator<unsigned char> >&)>&)> >&’}
/mnt/d/Dev/Friendly-LwM2M-Client/wpp/registry/objects/w_10525_wan_failover_policy/WanFailoverPolicy.cpp:174:50: error: cannot convert ‘wpp::WanFailoverPolicy::resourcesCreate()::<lambda(const wpp::INT_T&)>’ to ‘const wpp::Resource::DATA_VERIFIER_T&’ {aka ‘const std::variant<std::function<bool(const long int&)>, std::function<bool(const long unsigned int&)>, std::function<bool(const double&)>, std::function<bool(const std::vector<unsigned char, std::allocator<unsigned char> >&)>, std::function<bool(const bool&)>, std::function<bool(const wpp::OBJ_LINK_T&)>, std::function<bool(const std::__cxx11::basic_string<char, std::char_traits<char>, std::allocator<char> >&)>, std::function<bool(const std::function<bool(wpp::Instance&, short unsigned int, const std::vector<unsigned char, std::allocator<unsigned char> >&)>&)> >&’}
/mnt/d/Dev/Friendly-LwM2M-Client/wpp/registry/objects/w_10525_wan_failover_policy/WanFailoverPolicy.cpp:216:32: error: ‘class wpp::Resource’ has no member named ‘setExecuteHandler’
/mnt/d/Dev/Friendly-LwM2M-Client/wpp/registry/objects/w_10525_wan_failover_policy/WanFailoverPolicy.cpp:217:34: error: ‘class wpp::Resource’ has no member named ‘setExecuteHandler’
/mnt/d/Dev/Friendly-LwM2M-Client/wpp/registry/objects/w_10525_wan_failover_policy/WanFailoverPolicy.cpp:218:34: error: ‘class wpp::Resource’ has no member named ‘setExecuteHandler’
/mnt/d/Dev/Friendly-LwM2M-Client/wpp/registry/objects/w_10525_wan_failover_policy/WanFailoverPolicy.cpp:219:34: error: ‘class wpp::Resource’ has no member named ‘setExecuteHandler’
/mnt/d/Dev/Friendly-LwM2M-Client/wpp/registry/data_model/object/ObjectImpl.h:79:9: error: there are no arguments to ‘lwm2m_update_registration’ that depend on a template parameter, so a declaration of ‘lwm2m_update_registration’ must be available [-fpermissive]
/mnt/d/Dev/Friendly-LwM2M-Client/wpp/registry/objects/w_10525_wan_failover_policy/WanFailoverPolicyInfo.h:15:14: error: ‘Lwm2mObjectMetaInfo’ does not name a type
/mnt/d/Dev/Friendly-LwM2M-Client/wpp/registry/objects/w_10532_zigbee_coordinator/ZigbeeCoordinatorInfo.h:15:14: error: ‘Lwm2mObjectMetaInfo’ does not name a type
/mnt/d/Dev/Friendly-LwM2M-Client/wpp/registry/objects/w_10533_zigbee_device/ZigbeeDeviceInfo.h:15:14: error: ‘Lwm2mObjectMetaInfo’ does not name a type
/mnt/d/Dev/Friendly-LwM2M-Client/wpp/registry/objects/w_10534_zigbee_group/ZigbeeGroupInfo.h:15:14: error: ‘Lwm2mObjectMetaInfo’ does not name a type
/mnt/d/Dev/Friendly-LwM2M-Client/wpp/registry/objects/w_10536_routing_table/RoutingTableInfo.h:15:14: error: ‘Lwm2mObjectMetaInfo’ does not name a type
/mnt/d/Dev/Friendly-LwM2M-Client/wpp/client/WppClient.h:127:9: error: ‘lwm2m_client_state_t’ does not name a type; did you mean ‘lwm2m_client_t’?
gmake[2]: *** [CMakeFiles/friendly_lwm2m.dir/build.make:247: CMakeFiles/friendly_lwm2m.dir/wpp/registry/objects/w_10525_wan_failover_policy/WanFailoverPolicy.cpp.o] Error 1
gmake[2]: *** [CMakeFiles/friendly_lwm2m.dir/build.make:289: CMakeFiles/friendly_lwm2m.dir/wpp/registry/objects/w_10528_wifi_channel_optimization/WifiChannelOptimization.cpp.o] Error 1
/mnt/d/Dev/Friendly-LwM2M-Client/wpp/registry/objects/w_10526_multiwan_health_check/MultiWanHealthCheck.cpp:68:50: error: qualified-id in declaration before ‘(’ token
/mnt/d/Dev/Friendly-LwM2M-Client/wpp/registry/objects/w_10526_multiwan_health_check/MultiWanHealthCheck.cpp:72:48: error: qualified-id in declaration before ‘(’ token
/mnt/d/Dev/Friendly-LwM2M-Client/wpp/registry/objects/w_10526_multiwan_health_check/MultiWanHealthCheck.cpp:117:33: error: ‘class wpp::Resource’ has no member named ‘setExecuteHandler’
/mnt/d/Dev/Friendly-LwM2M-Client/wpp/registry/objects/w_10526_multiwan_health_check/MultiWanHealthCheck.cpp:118:32: error: ‘class wpp::Resource’ has no member named ‘setExecuteHandler’
/mnt/d/Dev/Friendly-LwM2M-Client/wpp/registry/objects/w_10526_multiwan_health_check/MultiWanHealthCheck.cpp:119:31: error: ‘class wpp::Resource’ has no member named ‘setExecuteHandler’
/mnt/d/Dev/Friendly-LwM2M-Client/wpp/registry/objects/w_10526_multiwan_health_check/MultiWanHealthCheck.cpp:120:31: error: ‘class wpp::Resource’ has no member named ‘setExecuteHandler’
/mnt/d/Dev/Friendly-LwM2M-Client/wpp/registry/objects/w_10526_multiwan_health_check/MultiWanHealthCheck.cpp:131:12: error: return-statement with a value, in function returning ‘void’ [-fpermissive]
/mnt/d/Dev/Friendly-LwM2M-Client/wpp/registry/objects/w_10526_multiwan_health_check/MultiWanHealthCheck.cpp:135:6: error: no declaration matches ‘bool wpp::MultiWanHealthCheck::validate(wpp::ID_T, const void*, size_t)’
/mnt/d/Dev/Friendly-LwM2M-Client/wpp/registry/objects/w_10526_multiwan_health_check/MultiWanHealthCheck.cpp:351:25: error: ‘instId’ was not declared in this scope; did you mean ‘instIds’?
gmake[2]: *** [CMakeFiles/friendly_lwm2m.dir/build.make:275: CMakeFiles/friendly_lwm2m.dir/wpp/registry/objects/w_10527_wifi_client_management/WifiClientManagement.cpp.o] Error 1
gmake[2]: *** [CMakeFiles/friendly_lwm2m.dir/build.make:261: CMakeFiles/friendly_lwm2m.dir/wpp/registry/objects/w_10526_multiwan_health_check/MultiWanHealthCheck.cpp.o] Error 1
/mnt/d/Dev/Friendly-LwM2M-Client/wpp/registry/data_model/object/ObjectImpl.h:79:9: error: there are no arguments to ‘lwm2m_update_registration’ that depend on a template parameter, so a declaration of ‘lwm2m_update_registration’ must be available [-fpermissive]
/mnt/d/Dev/Friendly-LwM2M-Client/wpp/registry/objects/w_10525_wan_failover_policy/WanFailoverPolicyInfo.h:15:14: error: ‘Lwm2mObjectMetaInfo’ does not name a type
/mnt/d/Dev/Friendly-LwM2M-Client/wpp/registry/objects/w_10526_multiwan_health_check/MultiWanHealthCheckInfo.h:15:14: error: ‘Lwm2mObjectMetaInfo’ does not name a type
/mnt/d/Dev/Friendly-LwM2M-Client/wpp/registry/objects/w_10532_zigbee_coordinator/ZigbeeCoordinatorInfo.h:15:14: error: ‘Lwm2mObjectMetaInfo’ does not name a type
/mnt/d/Dev/Friendly-LwM2M-Client/wpp/registry/objects/w_10533_zigbee_device/ZigbeeDeviceInfo.h:15:14: error: ‘Lwm2mObjectMetaInfo’ does not name a type
/mnt/d/Dev/Friendly-LwM2M-Client/wpp/registry/objects/w_10534_zigbee_group/ZigbeeGroupInfo.h:15:14: error: ‘Lwm2mObjectMetaInfo’ does not name a type
/mnt/d/Dev/Friendly-LwM2M-Client/wpp/registry/objects/w_10536_routing_table/RoutingTableInfo.h:15:14: error: ‘Lwm2mObjectMetaInfo’ does not name a type
/mnt/d/Dev/Friendly-LwM2M-Client/wpp/client/WppClient.h:127:9: error: ‘lwm2m_client_state_t’ does not name a type; did you mean ‘lwm2m_client_t’?
[ 49%] Building C object examples/CMakeFiles/friendly_example_client.dir/__/2305-Wakaama/libs/tinycbor/src/cborerrorstrings.c.o
/mnt/d/Dev/Friendly-LwM2M-Client/wpp/registry/objects/w_10530_matter_device/MatterDevice.cpp:31:12: error: ‘matterDevice’ was not declared in this scope; did you mean ‘MatterDevice’?
/mnt/d/Dev/Friendly-LwM2M-Client/wpp/registry/objects/w_10530_matter_device/MatterDevice.cpp:63:28: error: ‘class wpp::Resource’ has no member named ‘setExecuteHandler’
/mnt/d/Dev/Friendly-LwM2M-Client/wpp/registry/objects/w_10530_matter_device/MatterDevice.cpp:64:34: error: ‘class wpp::Resource’ has no member named ‘setExecuteHandler’
/mnt/d/Dev/Friendly-LwM2M-Client/wpp/registry/objects/w_10530_matter_device/MatterDevice.cpp:65:35: error: ‘class wpp::Resource’ has no member named ‘setExecuteHandler’
/mnt/d/Dev/Friendly-LwM2M-Client/wpp/registry/objects/w_10530_matter_device/MatterDevice.cpp:66:32: error: ‘class wpp::Resource’ has no member named ‘setExecuteHandler’
gmake[2]: *** [CMakeFiles/friendly_lwm2m.dir/build.make:317: CMakeFiles/friendly_lwm2m.dir/wpp/registry/objects/w_10530_matter_device/MatterDevice.cpp.o] Error 1
/mnt/d/Dev/Friendly-LwM2M-Client/wpp/registry/data_model/object/ObjectImpl.h:79:9: error: there are no arguments to ‘lwm2m_update_registration’ that depend on a template parameter, so a declaration of ‘lwm2m_update_registration’ must be available [-fpermissive]
/mnt/d/Dev/Friendly-LwM2M-Client/wpp/registry/objects/w_10525_wan_failover_policy/WanFailoverPolicyInfo.h:15:14: error: ‘Lwm2mObjectMetaInfo’ does not name a type
/mnt/d/Dev/Friendly-LwM2M-Client/wpp/registry/objects/w_10526_multiwan_health_check/MultiWanHealthCheckInfo.h:15:14: error: ‘Lwm2mObjectMetaInfo’ does not name a type
/mnt/d/Dev/Friendly-LwM2M-Client/wpp/registry/objects/w_10532_zigbee_coordinator/ZigbeeCoordinatorInfo.h:15:14: error: ‘Lwm2mObjectMetaInfo’ does not name a type
/mnt/d/Dev/Friendly-LwM2M-Client/wpp/registry/objects/w_10533_zigbee_device/ZigbeeDeviceInfo.h:15:14: error: ‘Lwm2mObjectMetaInfo’ does not name a type
/mnt/d/Dev/Friendly-LwM2M-Client/wpp/registry/objects/w_10534_zigbee_group/ZigbeeGroupInfo.h:15:14: error: ‘Lwm2mObjectMetaInfo’ does not name a type
/mnt/d/Dev/Friendly-LwM2M-Client/wpp/registry/objects/w_10536_routing_table/RoutingTableInfo.h:15:14: error: ‘Lwm2mObjectMetaInfo’ does not name a type
/mnt/d/Dev/Friendly-LwM2M-Client/wpp/client/WppClient.h:127:9: error: ‘lwm2m_client_state_t’ does not name a type; did you mean ‘lwm2m_client_t’?
/mnt/d/Dev/Friendly-LwM2M-Client/wpp/registry/objects/w_10531_thread_network/ThreadNetwork.cpp:30:12: error: ‘threadNetwork’ was not declared in this scope; did you mean ‘ThreadNetwork’?
/mnt/d/Dev/Friendly-LwM2M-Client/wpp/registry/objects/w_10531_thread_network/ThreadNetwork.cpp:61:33: error: ‘class wpp::Resource’ has no member named ‘setExecuteHandler’
/mnt/d/Dev/Friendly-LwM2M-Client/wpp/registry/objects/w_10531_thread_network/ThreadNetwork.cpp:62:39: error: ‘class wpp::Resource’ has no member named ‘setExecuteHandler’
/mnt/d/Dev/Friendly-LwM2M-Client/wpp/registry/objects/w_10531_thread_network/ThreadNetwork.cpp:63:38: error: ‘class wpp::Resource’ has no member named ‘setExecuteHandler’
gmake[2]: *** [CMakeFiles/friendly_lwm2m.dir/build.make:331: CMakeFiles/friendly_lwm2m.dir/wpp/registry/objects/w_10531_thread_network/ThreadNetwork.cpp.o] Error 1
/mnt/d/Dev/Friendly-LwM2M-Client/wpp/registry/objects/w_10525_wan_failover_policy/WanFailoverPolicyInfo.h:15:14: error: ‘Lwm2mObjectMetaInfo’ does not name a type
/mnt/d/Dev/Friendly-LwM2M-Client/wpp/registry/objects/w_10526_multiwan_health_check/MultiWanHealthCheckInfo.h:15:14: error: ‘Lwm2mObjectMetaInfo’ does not name a type
/mnt/d/Dev/Friendly-LwM2M-Client/wpp/registry/objects/w_10525_wan_failover_policy/WanFailoverPolicyInfo.h:15:14: error: ‘Lwm2mObjectMetaInfo’ does not name a type
/mnt/d/Dev/Friendly-LwM2M-Client/wpp/registry/objects/w_10526_multiwan_health_check/MultiWanHealthCheckInfo.h:15:14: error: ‘Lwm2mObjectMetaInfo’ does not name a type
/mnt/d/Dev/Friendly-LwM2M-Client/wpp/registry/objects/w_10532_zigbee_coordinator/ZigbeeCoordinatorInfo.h:15:14: error: ‘Lwm2mObjectMetaInfo’ does not name a type
/mnt/d/Dev/Friendly-LwM2M-Client/wpp/registry/objects/w_10533_zigbee_device/ZigbeeDeviceInfo.h:15:14: error: ‘Lwm2mObjectMetaInfo’ does not name a type
/mnt/d/Dev/Friendly-LwM2M-Client/wpp/registry/objects/w_10534_zigbee_group/ZigbeeGroupInfo.h:15:14: error: ‘Lwm2mObjectMetaInfo’ does not name a type
/mnt/d/Dev/Friendly-LwM2M-Client/wpp/registry/objects/w_10532_zigbee_coordinator/ZigbeeCoordinatorInfo.h:15:14: error: ‘Lwm2mObjectMetaInfo’ does not name a type
/mnt/d/Dev/Friendly-LwM2M-Client/wpp/registry/objects/w_10536_routing_table/RoutingTableInfo.h:15:14: error: ‘Lwm2mObjectMetaInfo’ does not name a type
/mnt/d/Dev/Friendly-LwM2M-Client/wpp/registry/objects/w_10533_zigbee_device/ZigbeeDeviceInfo.h:15:14: error: ‘Lwm2mObjectMetaInfo’ does not name a type
/mnt/d/Dev/Friendly-LwM2M-Client/wpp/registry/objects/w_10534_zigbee_group/ZigbeeGroupInfo.h:15:14: error: ‘Lwm2mObjectMetaInfo’ does not name a type
/mnt/d/Dev/Friendly-LwM2M-Client/wpp/registry/objects/w_10536_routing_table/RoutingTableInfo.h:15:14: error: ‘Lwm2mObjectMetaInfo’ does not name a type
gmake[2]: *** [examples/CMakeFiles/friendly_example_client.dir/build.make:555: examples/CMakeFiles/friendly_example_client.dir/__/wpp/client/WppClient.cpp.o] Error 1
/mnt/d/Dev/Friendly-LwM2M-Client/wpp/registry/objects/w_10525_wan_failover_policy/WanFailoverPolicyInfo.h:15:14: error: ‘Lwm2mObjectMetaInfo’ does not name a type
/mnt/d/Dev/Friendly-LwM2M-Client/wpp/registry/objects/w_10526_multiwan_health_check/MultiWanHealthCheckInfo.h:15:14: error: ‘Lwm2mObjectMetaInfo’ does not name a type
gmake[2]: *** [examples/CMakeFiles/friendly_example_client.dir/build.make:569: examples/CMakeFiles/friendly_example_client.dir/__/wpp/registry/data_model/object/Object.cpp.o] Error 1
/mnt/d/Dev/Friendly-LwM2M-Client/wpp/registry/objects/w_10525_wan_failover_policy/WanFailoverPolicyInfo.h:15:14: error: ‘Lwm2mObjectMetaInfo’ does not name a type
/mnt/d/Dev/Friendly-LwM2M-Client/wpp/registry/objects/w_10526_multiwan_health_check/MultiWanHealthCheckInfo.h:15:14: error: ‘Lwm2mObjectMetaInfo’ does not name a type
/mnt/d/Dev/Friendly-LwM2M-Client/wpp/registry/objects/w_10525_wan_failover_policy/WanFailoverPolicyInfo.h:15:14: error: ‘Lwm2mObjectMetaInfo’ does not name a type
/mnt/d/Dev/Friendly-LwM2M-Client/wpp/registry/objects/w_10526_multiwan_health_check/MultiWanHealthCheckInfo.h:15:14: error: ‘Lwm2mObjectMetaInfo’ does not name a type
/mnt/d/Dev/Friendly-LwM2M-Client/wpp/registry/objects/w_10532_zigbee_coordinator/ZigbeeCoordinatorInfo.h:15:14: error: ‘Lwm2mObjectMetaInfo’ does not name a type
/mnt/d/Dev/Friendly-LwM2M-Client/wpp/registry/objects/w_10533_zigbee_device/ZigbeeDeviceInfo.h:15:14: error: ‘Lwm2mObjectMetaInfo’ does not name a type
/mnt/d/Dev/Friendly-LwM2M-Client/wpp/registry/objects/w_10534_zigbee_group/ZigbeeGroupInfo.h:15:14: error: ‘Lwm2mObjectMetaInfo’ does not name a type
/mnt/d/Dev/Friendly-LwM2M-Client/wpp/registry/objects/w_10532_zigbee_coordinator/ZigbeeCoordinatorInfo.h:15:14: error: ‘Lwm2mObjectMetaInfo’ does not name a type
/mnt/d/Dev/Friendly-LwM2M-Client/wpp/registry/objects/w_10533_zigbee_device/ZigbeeDeviceInfo.h:15:14: error: ‘Lwm2mObjectMetaInfo’ does not name a type
/mnt/d/Dev/Friendly-LwM2M-Client/wpp/registry/objects/w_10534_zigbee_group/ZigbeeGroupInfo.h:15:14: error: ‘Lwm2mObjectMetaInfo’ does not name a type
/mnt/d/Dev/Friendly-LwM2M-Client/wpp/registry/objects/w_10536_routing_table/RoutingTableInfo.h:15:14: error: ‘Lwm2mObjectMetaInfo’ does not name a type
/mnt/d/Dev/Friendly-LwM2M-Client/wpp/registry/objects/w_10536_routing_table/RoutingTableInfo.h:15:14: error: ‘Lwm2mObjectMetaInfo’ does not name a type
/mnt/d/Dev/Friendly-LwM2M-Client/wpp/registry/objects/w_10532_zigbee_coordinator/ZigbeeCoordinatorInfo.h:15:14: error: ‘Lwm2mObjectMetaInfo’ does not name a type
/mnt/d/Dev/Friendly-LwM2M-Client/wpp/registry/objects/w_10533_zigbee_device/ZigbeeDeviceInfo.h:15:14: error: ‘Lwm2mObjectMetaInfo’ does not name a type
/mnt/d/Dev/Friendly-LwM2M-Client/wpp/registry/objects/w_10534_zigbee_group/ZigbeeGroupInfo.h:15:14: error: ‘Lwm2mObjectMetaInfo’ does not name a type
/mnt/d/Dev/Friendly-LwM2M-Client/wpp/registry/objects/w_10536_routing_table/RoutingTableInfo.h:15:14: error: ‘Lwm2mObjectMetaInfo’ does not name a type
/mnt/d/Dev/Friendly-LwM2M-Client/wpp/registry/objects/w_10525_wan_failover_policy/WanFailoverPolicyInfo.h:15:14: error: ‘Lwm2mObjectMetaInfo’ does not name a type
/mnt/d/Dev/Friendly-LwM2M-Client/wpp/registry/objects/w_10526_multiwan_health_check/MultiWanHealthCheckInfo.h:15:14: error: ‘Lwm2mObjectMetaInfo’ does not name a type
/mnt/d/Dev/Friendly-LwM2M-Client/wpp/registry/objects/w_10525_wan_failover_policy/WanFailoverPolicyInfo.h:15:14: error: ‘Lwm2mObjectMetaInfo’ does not name a type
/mnt/d/Dev/Friendly-LwM2M-Client/wpp/registry/objects/w_10526_multiwan_health_check/MultiWanHealthCheckInfo.h:15:14: error: ‘Lwm2mObjectMetaInfo’ does not name a type
/mnt/d/Dev/Friendly-LwM2M-Client/wpp/registry/objects/w_10525_wan_failover_policy/WanFailoverPolicyInfo.h:15:14: error: ‘Lwm2mObjectMetaInfo’ does not name a type
/mnt/d/Dev/Friendly-LwM2M-Client/wpp/registry/objects/w_10526_multiwan_health_check/MultiWanHealthCheckInfo.h:15:14: error: ‘Lwm2mObjectMetaInfo’ does not name a type
/mnt/d/Dev/Friendly-LwM2M-Client/wpp/registry/objects/w_10532_zigbee_coordinator/ZigbeeCoordinatorInfo.h:15:14: error: ‘Lwm2mObjectMetaInfo’ does not name a type
/mnt/d/Dev/Friendly-LwM2M-Client/wpp/registry/objects/w_10533_zigbee_device/ZigbeeDeviceInfo.h:15:14: error: ‘Lwm2mObjectMetaInfo’ does not name a type
/mnt/d/Dev/Friendly-LwM2M-Client/wpp/registry/objects/w_10534_zigbee_group/ZigbeeGroupInfo.h:15:14: error: ‘Lwm2mObjectMetaInfo’ does not name a type
/mnt/d/Dev/Friendly-LwM2M-Client/wpp/registry/objects/w_10525_wan_failover_policy/WanFailoverPolicyInfo.h:15:14: error: ‘Lwm2mObjectMetaInfo’ does not name a type
/mnt/d/Dev/Friendly-LwM2M-Client/wpp/registry/objects/w_10526_multiwan_health_check/MultiWanHealthCheckInfo.h:15:14: error: ‘Lwm2mObjectMetaInfo’ does not name a type
/mnt/d/Dev/Friendly-LwM2M-Client/wpp/registry/objects/w_10532_zigbee_coordinator/ZigbeeCoordinatorInfo.h:15:14: error: ‘Lwm2mObjectMetaInfo’ does not name a type
/mnt/d/Dev/Friendly-LwM2M-Client/wpp/registry/objects/w_10536_routing_table/RoutingTableInfo.h:15:14: error: ‘Lwm2mObjectMetaInfo’ does not name a type
/mnt/d/Dev/Friendly-LwM2M-Client/wpp/registry/objects/w_10533_zigbee_device/ZigbeeDeviceInfo.h:15:14: error: ‘Lwm2mObjectMetaInfo’ does not name a type
/mnt/d/Dev/Friendly-LwM2M-Client/wpp/registry/objects/w_10534_zigbee_group/ZigbeeGroupInfo.h:15:14: error: ‘Lwm2mObjectMetaInfo’ does not name a type
/mnt/d/Dev/Friendly-LwM2M-Client/wpp/registry/objects/w_10532_zigbee_coordinator/ZigbeeCoordinatorInfo.h:15:14: error: ‘Lwm2mObjectMetaInfo’ does not name a type
/mnt/d/Dev/Friendly-LwM2M-Client/wpp/registry/objects/w_10533_zigbee_device/ZigbeeDeviceInfo.h:15:14: error: ‘Lwm2mObjectMetaInfo’ does not name a type
/mnt/d/Dev/Friendly-LwM2M-Client/wpp/registry/objects/w_10534_zigbee_group/ZigbeeGroupInfo.h:15:14: error: ‘Lwm2mObjectMetaInfo’ does not name a type
/mnt/d/Dev/Friendly-LwM2M-Client/wpp/registry/objects/w_10536_routing_table/RoutingTableInfo.h:15:14: error: ‘Lwm2mObjectMetaInfo’ does not name a type
gmake[2]: *** [examples/CMakeFiles/friendly_example_client.dir/build.make:625: examples/CMakeFiles/friendly_example_client.dir/__/wpp/registry/objects/m_0_lwm2m_security/Lwm2mSecurity.cpp.o] Error 1
/mnt/d/Dev/Friendly-LwM2M-Client/wpp/registry/objects/w_10536_routing_table/RoutingTableInfo.h:15:14: error: ‘Lwm2mObjectMetaInfo’ does not name a type
/mnt/d/Dev/Friendly-LwM2M-Client/wpp/registry/objects/w_10525_wan_failover_policy/WanFailoverPolicyInfo.h:15:14: error: ‘Lwm2mObjectMetaInfo’ does not name a type
/mnt/d/Dev/Friendly-LwM2M-Client/wpp/registry/objects/w_10526_multiwan_health_check/MultiWanHealthCheckInfo.h:15:14: error: ‘Lwm2mObjectMetaInfo’ does not name a type
gmake[2]: *** [examples/CMakeFiles/friendly_example_client.dir/build.make:583: examples/CMakeFiles/friendly_example_client.dir/__/wpp/registry/data_model/instance/Instance.cpp.o] Error 1
/mnt/d/Dev/Friendly-LwM2M-Client/wpp/registry/objects/w_10532_zigbee_coordinator/ZigbeeCoordinatorInfo.h:15:14: error: ‘Lwm2mObjectMetaInfo’ does not name a type
/mnt/d/Dev/Friendly-LwM2M-Client/wpp/registry/objects/w_10533_zigbee_device/ZigbeeDeviceInfo.h:15:14: error: ‘Lwm2mObjectMetaInfo’ does not name a type
/mnt/d/Dev/Friendly-LwM2M-Client/wpp/registry/objects/w_10534_zigbee_group/ZigbeeGroupInfo.h:15:14: error: ‘Lwm2mObjectMetaInfo’ does not name a type
gmake[2]: *** [examples/CMakeFiles/friendly_example_client.dir/build.make:639: examples/CMakeFiles/friendly_example_client.dir/__/wpp/registry/objects/m_1_lwm2m_server/Lwm2mServer.cpp.o] Error 1
/mnt/d/Dev/Friendly-LwM2M-Client/wpp/registry/objects/w_10536_routing_table/RoutingTableInfo.h:15:14: error: ‘Lwm2mObjectMetaInfo’ does not name a type
/mnt/d/Dev/Friendly-LwM2M-Client/wpp/registry/objects/w_10532_zigbee_coordinator/ZigbeeCoordinatorInfo.h:15:14: error: ‘Lwm2mObjectMetaInfo’ does not name a type
/mnt/d/Dev/Friendly-LwM2M-Client/wpp/registry/objects/w_10533_zigbee_device/ZigbeeDeviceInfo.h:15:14: error: ‘Lwm2mObjectMetaInfo’ does not name a type
/mnt/d/Dev/Friendly-LwM2M-Client/wpp/registry/objects/w_10534_zigbee_group/ZigbeeGroupInfo.h:15:14: error: ‘Lwm2mObjectMetaInfo’ does not name a type
/mnt/d/Dev/Friendly-LwM2M-Client/wpp/registry/objects/w_10536_routing_table/RoutingTableInfo.h:15:14: error: ‘Lwm2mObjectMetaInfo’ does not name a type
/mnt/d/Dev/Friendly-LwM2M-Client/wpp/registry/objects/w_10525_wan_failover_policy/WanFailoverPolicyInfo.h:15:14: error: ‘Lwm2mObjectMetaInfo’ does not name a type
/mnt/d/Dev/Friendly-LwM2M-Client/wpp/registry/objects/w_10526_multiwan_health_check/MultiWanHealthCheckInfo.h:15:14: error: ‘Lwm2mObjectMetaInfo’ does not name a type
/mnt/d/Dev/Friendly-LwM2M-Client/wpp/registry/objects/w_10525_wan_failover_policy/WanFailoverPolicyInfo.h:13:39: error: invalid conversion from ‘int’ to ‘wpp::OBJ_ID’ [-fpermissive]
/mnt/d/Dev/Friendly-LwM2M-Client/wpp/registry/objects/w_10526_multiwan_health_check/MultiWanHealthCheckInfo.h:13:41: error: invalid conversion from ‘int’ to ‘wpp::OBJ_ID’ [-fpermissive]
/mnt/d/Dev/Friendly-LwM2M-Client/wpp/registry/objects/w_10529_matter_bridge/MatterBridgeConfig.h:10:33: error: invalid conversion from ‘int’ to ‘wpp::OBJ_ID’ [-fpermissive]
/mnt/d/Dev/Friendly-LwM2M-Client/wpp/registry/objects/w_10530_matter_device/MatterDeviceConfig.h:10:33: error: invalid conversion from ‘int’ to ‘wpp::OBJ_ID’ [-fpermissive]
/mnt/d/Dev/Friendly-LwM2M-Client/wpp/registry/objects/w_10531_thread_network/ThreadNetworkConfig.h:10:34: error: invalid conversion from ‘int’ to ‘wpp::OBJ_ID’ [-fpermissive]
/mnt/d/Dev/Friendly-LwM2M-Client/wpp/registry/objects/w_10532_zigbee_coordinator/ZigbeeCoordinatorInfo.h:13:38: error: invalid conversion from ‘int’ to ‘wpp::OBJ_ID’ [-fpermissive]
/mnt/d/Dev/Friendly-LwM2M-Client/wpp/registry/objects/w_10533_zigbee_device/ZigbeeDeviceInfo.h:13:33: error: invalid conversion from ‘int’ to ‘wpp::OBJ_ID’ [-fpermissive]
/mnt/d/Dev/Friendly-LwM2M-Client/wpp/registry/objects/w_10534_zigbee_group/ZigbeeGroupInfo.h:13:32: error: invalid conversion from ‘int’ to ‘wpp::OBJ_ID’ [-fpermissive]
/mnt/d/Dev/Friendly-LwM2M-Client/wpp/registry/objects/w_10536_routing_table/RoutingTableInfo.h:13:33: error: invalid conversion from ‘int’ to ‘wpp::OBJ_ID’ [-fpermissive]
gmake[2]: *** [examples/CMakeFiles/friendly_example_client.dir/build.make:667: examples/CMakeFiles/friendly_example_client.dir/__/wpp/registry/objects/o_2_lwm2m_access_control/Lwm2mAccessControl.cpp.o] Error 1
/mnt/d/Dev/Friendly-LwM2M-Client/wpp/registry/objects/w_10525_wan_failover_policy/WanFailoverPolicyInfo.h:15:14: error: ‘Lwm2mObjectMetaInfo’ does not name a type
/mnt/d/Dev/Friendly-LwM2M-Client/wpp/registry/objects/w_10526_multiwan_health_check/MultiWanHealthCheckInfo.h:15:14: error: ‘Lwm2mObjectMetaInfo’ does not name a type
gmake[2]: *** [examples/CMakeFiles/friendly_example_client.dir/build.make:695: examples/CMakeFiles/friendly_example_client.dir/__/wpp/registry/objects/o_4_connectivity_monitoring/ConnectivityMonitoring.cpp.o] Error 1
gmake[2]: *** [examples/CMakeFiles/friendly_example_client.dir/build.make:653: examples/CMakeFiles/friendly_example_client.dir/__/wpp/registry/objects/m_3_device/Device.cpp.o] Error 1
/mnt/d/Dev/Friendly-LwM2M-Client/wpp/registry/objects/w_10532_zigbee_coordinator/ZigbeeCoordinatorInfo.h:15:14: error: ‘Lwm2mObjectMetaInfo’ does not name a type
/mnt/d/Dev/Friendly-LwM2M-Client/wpp/registry/objects/w_10533_zigbee_device/ZigbeeDeviceInfo.h:15:14: error: ‘Lwm2mObjectMetaInfo’ does not name a type
/mnt/d/Dev/Friendly-LwM2M-Client/wpp/registry/objects/w_10534_zigbee_group/ZigbeeGroupInfo.h:15:14: error: ‘Lwm2mObjectMetaInfo’ does not name a type
/mnt/d/Dev/Friendly-LwM2M-Client/wpp/registry/objects/w_10536_routing_table/RoutingTableInfo.h:15:14: error: ‘Lwm2mObjectMetaInfo’ does not name a type
/mnt/d/Dev/Friendly-LwM2M-Client/wpp/registry/objects/w_10532_zigbee_coordinator/ZigbeeCoordinatorInfo.h:15:14: error: ‘Lwm2mObjectMetaInfo’ does not name a type
gmake[2]: *** [examples/CMakeFiles/friendly_example_client.dir/build.make:681: examples/CMakeFiles/friendly_example_client.dir/__/wpp/registry/objects/o_3339_audio_clip/AudioClip.cpp.o] Error 1
/mnt/d/Dev/Friendly-LwM2M-Client/wpp/registry/objects/w_10533_zigbee_device/ZigbeeDeviceInfo.h:15:14: error: ‘Lwm2mObjectMetaInfo’ does not name a type
/mnt/d/Dev/Friendly-LwM2M-Client/wpp/registry/objects/w_10534_zigbee_group/ZigbeeGroupInfo.h:15:14: error: ‘Lwm2mObjectMetaInfo’ does not name a type
gmake[2]: *** [examples/CMakeFiles/friendly_example_client.dir/build.make:737: examples/CMakeFiles/friendly_example_client.dir/__/wpp/registry/WppRegistry.cpp.o] Error 1
/mnt/d/Dev/Friendly-LwM2M-Client/wpp/registry/objects/w_10536_routing_table/RoutingTableInfo.h:15:14: error: ‘Lwm2mObjectMetaInfo’ does not name a type
gmake[2]: *** [examples/CMakeFiles/friendly_example_client.dir/build.make:723: examples/CMakeFiles/friendly_example_client.dir/__/wpp/registry/objects/o_6_location/Location.cpp.o] Error 1
/mnt/d/Dev/Friendly-LwM2M-Client/wpp/registry/objects/w_10525_wan_failover_policy/WanFailoverPolicyInfo.h:15:14: error: ‘Lwm2mObjectMetaInfo’ does not name a type
/mnt/d/Dev/Friendly-LwM2M-Client/wpp/registry/objects/w_10526_multiwan_health_check/MultiWanHealthCheckInfo.h:15:14: error: ‘Lwm2mObjectMetaInfo’ does not name a type
gmake[2]: *** [examples/CMakeFiles/friendly_example_client.dir/build.make:709: examples/CMakeFiles/friendly_example_client.dir/__/wpp/registry/objects/o_5_firmware_update/FirmwareUpdate.cpp.o] Error 1
/mnt/d/Dev/Friendly-LwM2M-Client/wpp/registry/objects/w_10532_zigbee_coordinator/ZigbeeCoordinatorInfo.h:15:14: error: ‘Lwm2mObjectMetaInfo’ does not name a type
/mnt/d/Dev/Friendly-LwM2M-Client/wpp/registry/objects/w_10533_zigbee_device/ZigbeeDeviceInfo.h:15:14: error: ‘Lwm2mObjectMetaInfo’ does not name a type
/mnt/d/Dev/Friendly-LwM2M-Client/wpp/registry/objects/w_10534_zigbee_group/ZigbeeGroupInfo.h:15:14: error: ‘Lwm2mObjectMetaInfo’ does not name a type
/mnt/d/Dev/Friendly-LwM2M-Client/wpp/registry/objects/w_10536_routing_table/RoutingTableInfo.h:15:14: error: ‘Lwm2mObjectMetaInfo’ does not name a type
gmake[2]: *** [examples/CMakeFiles/friendly_example_client.dir/build.make:751: examples/CMakeFiles/friendly_example_client.dir/__/wpp/platform/connection/WppConnection.cpp.o] Error 1
/mnt/d/Dev/Friendly-LwM2M-Client/wpp/registry/objects/w_10525_wan_failover_policy/WanFailoverPolicyInfo.h:15:14: error: ‘Lwm2mObjectMetaInfo’ does not name a type
/mnt/d/Dev/Friendly-LwM2M-Client/wpp/registry/objects/w_10526_multiwan_health_check/MultiWanHealthCheckInfo.h:15:14: error: ‘Lwm2mObjectMetaInfo’ does not name a type
/mnt/d/Dev/Friendly-LwM2M-Client/wpp/registry/objects/w_10532_zigbee_coordinator/ZigbeeCoordinatorInfo.h:15:14: error: ‘Lwm2mObjectMetaInfo’ does not name a type
/mnt/d/Dev/Friendly-LwM2M-Client/wpp/registry/objects/w_10533_zigbee_device/ZigbeeDeviceInfo.h:15:14: error: ‘Lwm2mObjectMetaInfo’ does not name a type
/mnt/d/Dev/Friendly-LwM2M-Client/wpp/registry/objects/w_10534_zigbee_group/ZigbeeGroupInfo.h:15:14: error: ‘Lwm2mObjectMetaInfo’ does not name a type
/mnt/d/Dev/Friendly-LwM2M-Client/wpp/registry/objects/w_10536_routing_table/RoutingTableInfo.h:15:14: error: ‘Lwm2mObjectMetaInfo’ does not name a type
gmake[2]: *** [examples/CMakeFiles/friendly_example_client.dir/build.make:821: examples/CMakeFiles/friendly_example_client.dir/objects.cpp.o] Error 1
/mnt/d/Dev/Friendly-LwM2M-Client/wpp/registry/objects/w_10525_wan_failover_policy/WanFailoverPolicyInfo.h:15:14: error: ‘Lwm2mObjectMetaInfo’ does not name a type
/mnt/d/Dev/Friendly-LwM2M-Client/wpp/registry/objects/w_10526_multiwan_health_check/MultiWanHealthCheckInfo.h:15:14: error: ‘Lwm2mObjectMetaInfo’ does not name a type
/mnt/d/Dev/Friendly-LwM2M-Client/wpp/registry/objects/w_10532_zigbee_coordinator/ZigbeeCoordinatorInfo.h:15:14: error: ‘Lwm2mObjectMetaInfo’ does not name a type
/mnt/d/Dev/Friendly-LwM2M-Client/wpp/registry/objects/w_10533_zigbee_device/ZigbeeDeviceInfo.h:15:14: error: ‘Lwm2mObjectMetaInfo’ does not name a type
/mnt/d/Dev/Friendly-LwM2M-Client/wpp/registry/objects/w_10534_zigbee_group/ZigbeeGroupInfo.h:15:14: error: ‘Lwm2mObjectMetaInfo’ does not name a type
/mnt/d/Dev/Friendly-LwM2M-Client/wpp/registry/objects/w_10536_routing_table/RoutingTableInfo.h:15:14: error: ‘Lwm2mObjectMetaInfo’ does not name a type
gmake[2]: *** [examples/CMakeFiles/friendly_example_client.dir/build.make:807: examples/CMakeFiles/friendly_example_client.dir/main.cpp.o] Error 1
gmake[1]: *** [CMakeFiles/Makefile2:1226: CMakeFiles/friendly_lwm2m.dir/all] Error 2
/mnt/d/Dev/Friendly-LwM2M-Client/wpp/registry/objects/w_10525_wan_failover_policy/WanFailoverPolicyInfo.h:15:14: error: ‘Lwm2mObjectMetaInfo’ does not name a type
/mnt/d/Dev/Friendly-LwM2M-Client/wpp/registry/objects/w_10526_multiwan_health_check/MultiWanHealthCheckInfo.h:15:14: error: ‘Lwm2mObjectMetaInfo’ does not name a type
/mnt/d/Dev/Friendly-LwM2M-Client/wpp/registry/objects/w_10532_zigbee_coordinator/ZigbeeCoordinatorInfo.h:15:14: error: ‘Lwm2mObjectMetaInfo’ does not name a type
/mnt/d/Dev/Friendly-LwM2M-Client/wpp/registry/objects/w_10533_zigbee_device/ZigbeeDeviceInfo.h:15:14: error: ‘Lwm2mObjectMetaInfo’ does not name a type
/mnt/d/Dev/Friendly-LwM2M-Client/wpp/registry/objects/w_10534_zigbee_group/ZigbeeGroupInfo.h:15:14: error: ‘Lwm2mObjectMetaInfo’ does not name a type
/mnt/d/Dev/Friendly-LwM2M-Client/wpp/registry/objects/w_10536_routing_table/RoutingTableInfo.h:15:14: error: ‘Lwm2mObjectMetaInfo’ does not name a type
gmake[2]: *** [examples/CMakeFiles/friendly_example_client.dir/build.make:835: examples/CMakeFiles/friendly_example_client.dir/ConfigLoader.cpp.o] Error 1
/mnt/d/Dev/Friendly-LwM2M-Client/wpp/registry/objects/w_10525_wan_failover_policy/WanFailoverPolicyInfo.h:15:14: error: ‘Lwm2mObjectMetaInfo’ does not name a type
/mnt/d/Dev/Friendly-LwM2M-Client/wpp/registry/objects/w_10526_multiwan_health_check/MultiWanHealthCheckInfo.h:15:14: error: ‘Lwm2mObjectMetaInfo’ does not name a type
/mnt/d/Dev/Friendly-LwM2M-Client/wpp/registry/objects/w_10532_zigbee_coordinator/ZigbeeCoordinatorInfo.h:15:14: error: ‘Lwm2mObjectMetaInfo’ does not name a type
/mnt/d/Dev/Friendly-LwM2M-Client/wpp/registry/objects/w_10533_zigbee_device/ZigbeeDeviceInfo.h:15:14: error: ‘Lwm2mObjectMetaInfo’ does not name a type
/mnt/d/Dev/Friendly-LwM2M-Client/wpp/registry/objects/w_10534_zigbee_group/ZigbeeGroupInfo.h:15:14: error: ‘Lwm2mObjectMetaInfo’ does not name a type
/mnt/d/Dev/Friendly-LwM2M-Client/wpp/registry/objects/w_10536_routing_table/RoutingTableInfo.h:15:14: error: ‘Lwm2mObjectMetaInfo’ does not name a type
gmake[2]: *** [examples/CMakeFiles/friendly_example_client.dir/build.make:849: examples/CMakeFiles/friendly_example_client.dir/platform/connection_dtls/Connection_new.cpp.o] Error 1
gmake[1]: *** [CMakeFiles/Makefile2:1492: examples/CMakeFiles/friendly_example_client.dir/all] Error 2
gmake: *** [Makefile:166: all] Error 2
