error: Your local changes to the following files would be overwritten by checkout:
  396 |         WPP_LOGD(TAG, "HTTP probe timeout or error");
  523 |         WPP_LOGD(TAG, "TCP probe timeout or error");
[ 60%] Building C object examples/CMakeFiles/friendly_example_client.dir/__/2305-Wakaama/libs/tinycbor/src/cborerrorstrings.c.o
/mnt/d/Dev/Friendly-LwM2M-Client/wpp/registry/objects/w_10535_lan_configuration/LanConfigurationInfo.h:13:14: error: ‘Lwm2mObjectMetaInfo’ does not name a type
/mnt/d/Dev/Friendly-LwM2M-Client/wpp/registry/objects/w_10533_zigbee_device/ZigbeeDevice.cpp:140:21: error: cannot convert ‘std::nullptr_t’ to ‘wpp::WppTaskQueue::task_id_t’ {aka ‘unsigned int’} in initialization
make[2]: *** [CMakeFiles/friendly_lwm2m.dir/build.make:457: CMakeFiles/friendly_lwm2m.dir/wpp/registry/objects/w_10533_zigbee_device/ZigbeeDevice.cpp.o] Error 1
/mnt/d/Dev/Friendly-LwM2M-Client/wpp/registry/objects/w_10535_lan_configuration/LanConfiguration.cpp:26:27: error: ‘class wpp::WppRegistry’ has no member named ‘lanConfiguration’
/mnt/d/Dev/Friendly-LwM2M-Client/wpp/registry/objects/w_10535_lan_configuration/LanConfiguration.cpp:30:37: error: ‘class wpp::WppRegistry’ has no member named ‘lanConfiguration’
/mnt/d/Dev/Friendly-LwM2M-Client/wpp/registry/objects/w_10535_lan_configuration/LanConfiguration.cpp:36:37: error: ‘class wpp::WppRegistry’ has no member named ‘lanConfiguration’
/mnt/d/Dev/Friendly-LwM2M-Client/wpp/registry/objects/w_10535_lan_configuration/LanConfiguration.cpp:42:27: error: ‘class wpp::WppRegistry’ has no member named ‘lanConfiguration’
/mnt/d/Dev/Friendly-LwM2M-Client/wpp/registry/objects/w_10537_vpn_configuration/VpnConfigurationInfo.h:13:14: error: ‘Lwm2mObjectMetaInfo’ does not name a type
make[2]: *** [CMakeFiles/friendly_lwm2m.dir/build.make:485: CMakeFiles/friendly_lwm2m.dir/wpp/registry/objects/w_10535_lan_configuration/LanConfiguration.cpp.o] Error 1
/mnt/d/Dev/Friendly-LwM2M-Client/wpp/registry/objects/w_10537_vpn_configuration/VpnConfiguration.cpp:29:27: error: ‘class wpp::WppRegistry’ has no member named ‘vpnConfiguration’
/mnt/d/Dev/Friendly-LwM2M-Client/wpp/registry/objects/w_10537_vpn_configuration/VpnConfiguration.cpp:33:37: error: ‘class wpp::WppRegistry’ has no member named ‘vpnConfiguration’
/mnt/d/Dev/Friendly-LwM2M-Client/wpp/registry/objects/w_10537_vpn_configuration/VpnConfiguration.cpp:39:37: error: ‘class wpp::WppRegistry’ has no member named ‘vpnConfiguration’
/mnt/d/Dev/Friendly-LwM2M-Client/wpp/registry/objects/w_10537_vpn_configuration/VpnConfiguration.cpp:45:27: error: ‘class wpp::WppRegistry’ has no member named ‘vpnConfiguration’
make[2]: *** [CMakeFiles/friendly_lwm2m.dir/build.make:513: CMakeFiles/friendly_lwm2m.dir/wpp/registry/objects/w_10537_vpn_configuration/VpnConfiguration.cpp.o] Error 1
make[1]: *** [CMakeFiles/Makefile2:1226: CMakeFiles/friendly_lwm2m.dir/all] Error 2
  798 |                         coap_error_code = coap_block2_handler(&peerP->blockData, message->mid, message->payload, message->payload_len, block2_size, block2_num, block2_more, &complete_buffer, &complete_buffer_size);
/usr/bin/ld: /usr/lib/x86_64-linux-gnu/libssh.a(gssapi.c.o): in function `ssh_gssapi_log_error':
/usr/bin/ld: /usr/lib/x86_64-linux-gnu/libcurl.a(libcurl_la-curl_gssapi.o): in function `display_gss_error':
collect2: error: ld returned 1 exit status
make[2]: *** [examples/CMakeFiles/friendly_example_client.dir/build.make:1074: examples/friendly_example_client] Error 1
make[1]: *** [CMakeFiles/Makefile2:1492: examples/CMakeFiles/friendly_example_client.dir/all] Error 2
make: *** [Makefile:166: all] Error 2
