  396 |         WPP_LOGD(TAG, "HTTP probe timeout or error");
  523 |         WPP_LOGD(TAG, "TCP probe timeout or error");
/mnt/d/Dev/Friendly-LwM2M-Client/wpp/registry/objects/w_10526_multiwan_health_check/MultiWanHealthCheck.cpp:289:25: error: ‘instId’ was not declared in this scope; did you mean ‘instIds’?
/mnt/d/Dev/Friendly-LwM2M-Client/wpp/registry/objects/w_10533_zigbee_device/ZigbeeDevice.cpp:12:10: fatal error: WppTaskQueue.h: No such file or directory
gmake[2]: *** [CMakeFiles/friendly_lwm2m.dir/build.make:359: CMakeFiles/friendly_lwm2m.dir/wpp/registry/objects/w_10533_zigbee_device/ZigbeeDevice.cpp.o] Error 1
gmake[2]: *** [CMakeFiles/friendly_lwm2m.dir/build.make:261: CMakeFiles/friendly_lwm2m.dir/wpp/registry/objects/w_10526_multiwan_health_check/MultiWanHealthCheck.cpp.o] Error 1
/mnt/d/Dev/Friendly-LwM2M-Client/wpp/registry/objects/w_10534_zigbee_group/ZigbeeGroup.cpp:14:10: fatal error: zigbee_coordinator.h: No such file or directory
gmake[2]: *** [CMakeFiles/friendly_lwm2m.dir/build.make:373: CMakeFiles/friendly_lwm2m.dir/wpp/registry/objects/w_10534_zigbee_group/ZigbeeGroup.cpp.o] Error 1
/mnt/d/Dev/Friendly-LwM2M-Client/wpp/registry/objects/w_10532_zigbee_coordinator/ZigbeeCoordinator.cpp:25:12: error: ‘ObjImpl’ does not name a type; did you mean ‘ObjectImpl’?
/mnt/d/Dev/Friendly-LwM2M-Client/wpp/registry/objects/w_10532_zigbee_coordinator/ZigbeeCoordinator.cpp:26:12: error: ‘obj’ was not declared in this scope
/mnt/d/Dev/Friendly-LwM2M-Client/wpp/registry/objects/w_10532_zigbee_coordinator/ZigbeeCoordinator.cpp:29:60: error: ‘INST_T’ has not been declared
/mnt/d/Dev/Friendly-LwM2M-Client/wpp/registry/objects/w_10532_zigbee_coordinator/ZigbeeCoordinator.cpp:29:11: error: no declaration matches ‘wpp::Instance* wpp::ZigbeeCoordinator::createInst(wpp::WppClient&, int)’
/mnt/d/Dev/Friendly-LwM2M-Client/wpp/registry/objects/w_10532_zigbee_coordinator/ZigbeeCoordinator.cpp:33:58: error: ‘INST_T’ has not been declared
/mnt/d/Dev/Friendly-LwM2M-Client/wpp/registry/objects/w_10532_zigbee_coordinator/ZigbeeCoordinator.cpp:33:11: error: no declaration matches ‘wpp::Instance* wpp::ZigbeeCoordinator::instance(wpp::WppClient&, int)’
/mnt/d/Dev/Friendly-LwM2M-Client/wpp/registry/objects/w_10532_zigbee_coordinator/ZigbeeCoordinator.cpp:37:51: error: ‘INST_T’ has not been declared
/mnt/d/Dev/Friendly-LwM2M-Client/wpp/registry/objects/w_10532_zigbee_coordinator/ZigbeeCoordinator.cpp:37:6: error: no declaration matches ‘bool wpp::ZigbeeCoordinator::remove(wpp::WppClient&, int)’
/mnt/d/Dev/Friendly-LwM2M-Client/wpp/registry/objects/w_10532_zigbee_coordinator/ZigbeeCoordinator.cpp:45:54: error: ‘INST_T’ has not been declared
/mnt/d/Dev/Friendly-LwM2M-Client/wpp/registry/objects/w_10532_zigbee_coordinator/ZigbeeCoordinator.cpp:45:1: error: no declaration matches ‘wpp::ZigbeeCoordinator::ZigbeeCoordinator(wpp::Object&, int)’
/mnt/d/Dev/Friendly-LwM2M-Client/wpp/registry/objects/w_10532_zigbee_coordinator/ZigbeeCoordinator.cpp:63:6: error: no declaration matches ‘bool wpp::ZigbeeCoordinator::initResources(wpp::ItemOp*)’
/mnt/d/Dev/Friendly-LwM2M-Client/wpp/registry/objects/w_10532_zigbee_coordinator/ZigbeeCoordinator.cpp:137:6: error: no declaration matches ‘bool wpp::ZigbeeCoordinator::validate(wpp::ID_T, const void*, size_t)’
/mnt/d/Dev/Friendly-LwM2M-Client/wpp/registry/objects/w_10532_zigbee_coordinator/ZigbeeCoordinator.cpp:196:47: error: ‘class wpp::ZigbeeCoordinator’ has no member named ‘item’
/mnt/d/Dev/Friendly-LwM2M-Client/wpp/registry/objects/w_10532_zigbee_coordinator/ZigbeeCoordinator.cpp:197:48: error: ‘class wpp::ZigbeeCoordinator’ has no member named ‘item’
/mnt/d/Dev/Friendly-LwM2M-Client/wpp/registry/objects/w_10532_zigbee_coordinator/ZigbeeCoordinator.cpp:198:48: error: ‘class wpp::ZigbeeCoordinator’ has no member named ‘item’
/mnt/d/Dev/Friendly-LwM2M-Client/wpp/registry/objects/w_10532_zigbee_coordinator/ZigbeeCoordinator.cpp:199:54: error: ‘class wpp::ZigbeeCoordinator’ has no member named ‘item’
/mnt/d/Dev/Friendly-LwM2M-Client/wpp/registry/objects/w_10532_zigbee_coordinator/ZigbeeCoordinator.cpp:202:36: error: ‘class wpp::ZigbeeCoordinator’ has no member named ‘item’
/mnt/d/Dev/Friendly-LwM2M-Client/wpp/registry/objects/w_10532_zigbee_coordinator/ZigbeeCoordinator.cpp:209:14: error: ‘class wpp::ZigbeeCoordinator’ has no member named ‘item’
/mnt/d/Dev/Friendly-LwM2M-Client/wpp/registry/objects/w_10532_zigbee_coordinator/ZigbeeCoordinator.cpp:212:14: error: ‘class wpp::ZigbeeCoordinator’ has no member named ‘item’
  212 |         self.item(NETWORK_STATE_0).set((INT_T)STATE_ERROR);
/mnt/d/Dev/Friendly-LwM2M-Client/wpp/registry/objects/w_10532_zigbee_coordinator/ZigbeeCoordinator.cpp:231:14: error: ‘class wpp::ZigbeeCoordinator’ has no member named ‘item’
/mnt/d/Dev/Friendly-LwM2M-Client/wpp/registry/objects/w_10532_zigbee_coordinator/ZigbeeCoordinator.cpp:232:14: error: ‘class wpp::ZigbeeCoordinator’ has no member named ‘item’
/mnt/d/Dev/Friendly-LwM2M-Client/wpp/registry/objects/w_10532_zigbee_coordinator/ZigbeeCoordinator.cpp:257:14: error: ‘class wpp::ZigbeeCoordinator’ has no member named ‘item’
/mnt/d/Dev/Friendly-LwM2M-Client/wpp/registry/objects/w_10532_zigbee_coordinator/ZigbeeCoordinator.cpp:289:30: error: ‘item’ was not declared in this scope; did you mean ‘tm’?
/mnt/d/Dev/Friendly-LwM2M-Client/wpp/registry/objects/w_10532_zigbee_coordinator/ZigbeeCoordinator.cpp:356:13: error: ‘item’ is not captured
/mnt/d/Dev/Friendly-LwM2M-Client/wpp/registry/objects/w_10532_zigbee_coordinator/ZigbeeCoordinator.cpp:289:30: note: ‘<typeprefixerror>item’ declared here
/mnt/d/Dev/Friendly-LwM2M-Client/wpp/registry/objects/w_10532_zigbee_coordinator/ZigbeeCoordinator.cpp:417:5: error: ‘item’ was not declared in this scope; did you mean ‘tm’?
/mnt/d/Dev/Friendly-LwM2M-Client/wpp/registry/objects/w_10532_zigbee_coordinator/ZigbeeCoordinator.cpp:426:5: error: ‘item’ was not declared in this scope; did you mean ‘tm’?
/mnt/d/Dev/Friendly-LwM2M-Client/wpp/registry/objects/w_10532_zigbee_coordinator/ZigbeeCoordinator.cpp:435:5: error: ‘item’ was not declared in this scope; did you mean ‘tm’?
/mnt/d/Dev/Friendly-LwM2M-Client/wpp/registry/objects/w_10532_zigbee_coordinator/ZigbeeCoordinator.cpp:451:32: error: ‘item’ was not declared in this scope; did you mean ‘tm’?
gmake[2]: *** [CMakeFiles/friendly_lwm2m.dir/build.make:345: CMakeFiles/friendly_lwm2m.dir/wpp/registry/objects/w_10532_zigbee_coordinator/ZigbeeCoordinator.cpp.o] Error 1
[ 52%] Building C object examples/CMakeFiles/friendly_example_client.dir/__/2305-Wakaama/libs/tinycbor/src/cborerrorstrings.c.o
gmake[1]: *** [CMakeFiles/Makefile2:1226: CMakeFiles/friendly_lwm2m.dir/all] Error 2
  798 |                         coap_error_code = coap_block2_handler(&peerP->blockData, message->mid, message->payload, message->payload_len, block2_size, block2_num, block2_more, &complete_buffer, &complete_buffer_size);
/usr/bin/ld: (.text+0x597): undefined reference to `ssh_get_error'
/usr/bin/ld: (.text+0x6cc): undefined reference to `ssh_get_error'
/usr/bin/ld: (.text+0x7c3): undefined reference to `ssh_get_error'
/usr/bin/ld: (.text+0xe66): undefined reference to `sftp_get_error'
/usr/bin/ld: (.text+0x1487): undefined reference to `ssh_get_error'
/usr/bin/ld: (.text+0x15cd): undefined reference to `ssh_get_error'
/usr/bin/ld: (.text+0x165f): undefined reference to `ssh_get_error'
/usr/bin/ld: (.text+0x16e6): undefined reference to `ssh_get_error'
/usr/bin/ld: (.text+0x176e): undefined reference to `ssh_get_error'
/usr/bin/ld: (.text+0x1cdd): undefined reference to `ssh_get_error'
/usr/bin/ld: (.text+0x2182): undefined reference to `ssh_get_error'
/usr/bin/ld: (.text+0x2323): undefined reference to `ssh_get_error'
/usr/bin/ld: (.text+0x2421): undefined reference to `ssh_get_error'
/usr/bin/ld: (.text+0x258f): undefined reference to `sftp_get_error'
/usr/bin/ld: (.text+0x25d2): undefined reference to `ssh_get_error'
/usr/bin/ld: (.text+0x2673): undefined reference to `sftp_get_error'
/usr/bin/ld: (.text+0x26a3): undefined reference to `ssh_get_error'
/usr/bin/ld: (.text+0x2857): undefined reference to `ssh_get_error'
/usr/bin/ld: (.text+0x2976): undefined reference to `sftp_get_error'
/usr/bin/ld: (.text+0x31d1): undefined reference to `ssh_get_error'
/usr/bin/ld: (.text+0x3226): undefined reference to `ssh_get_error'
/usr/bin/ld: (.text+0x12f): undefined reference to `ZSTD_isError'
/usr/bin/ld: (.text+0x3d5): undefined reference to `BrotliDecoderGetErrorCode'
/usr/bin/ld: (.text+0x367): undefined reference to `nghttp2_strerror'
/usr/bin/ld: (.text+0x8de): undefined reference to `nghttp2_strerror'
/usr/bin/ld: (.text+0xf7d): undefined reference to `nghttp2_http2_strerror'
(.text+0x129d): undefined reference to `nghttp2_http2_strerror'
/usr/bin/ld: (.text+0x204e): undefined reference to `nghttp2_strerror'
/usr/bin/ld: (.text+0x2074): undefined reference to `nghttp2_strerror'
/usr/bin/ld: (.text+0x2434): undefined reference to `nghttp2_strerror'
/usr/bin/ld: (.text+0x26d3): undefined reference to `nghttp2_session_callbacks_set_error_callback'
/usr/bin/ld: (.text+0x2a23): undefined reference to `nghttp2_strerror'
/usr/bin/ld: (.text+0x2a5f): undefined reference to `nghttp2_strerror'
/usr/bin/ld: (.text+0x2a8b): undefined reference to `nghttp2_strerror'
/usr/bin/ld: (.text+0x391e): undefined reference to `nghttp2_strerror'
/usr/bin/ld: (.text+0x1a0): undefined reference to `nghttp2_strerror'
(.text+0x499): undefined reference to `nghttp2_http2_strerror'
/usr/bin/ld: (.text+0x5fd): undefined reference to `nghttp2_strerror'
/usr/bin/ld: (.text+0xd0f): undefined reference to `nghttp2_http2_strerror'
/usr/bin/ld: (.text+0x2e62): undefined reference to `nghttp2_strerror'
/usr/bin/ld: (.text+0x3101): undefined reference to `nghttp2_strerror'
/usr/bin/ld: (.text+0x31b2): undefined reference to `nghttp2_strerror'
/usr/bin/ld: (.text+0x31d1): undefined reference to `nghttp2_strerror'
/usr/bin/ld: /usr/lib/x86_64-linux-gnu/libcurl.a(libcurl_la-curl_gssapi.o): in function `display_gss_error':
collect2: error: ld returned 1 exit status
gmake[2]: *** [examples/CMakeFiles/friendly_example_client.dir/build.make:1069: examples/friendly_example_client] Error 1
gmake[1]: *** [CMakeFiles/Makefile2:1492: examples/CMakeFiles/friendly_example_client.dir/all] Error 2
gmake: *** [Makefile:166: all] Error 2
