  396 |         WPP_LOGD(TAG, "HTTP probe timeout or error");
  523 |         WPP_LOGD(TAG, "TCP probe timeout or error");
[ 60%] Building C object examples/CMakeFiles/friendly_example_client.dir/__/2305-Wakaama/libs/tinycbor/src/cborerrorstrings.c.o
  798 |                         coap_error_code = coap_block2_handler(&peerP->blockData, message->mid, message->payload, message->payload_len, block2_size, block2_num, block2_more, &complete_buffer, &complete_buffer_size);
/usr/bin/ld: /usr/lib/x86_64-linux-gnu/libssh.a(gssapi.c.o): in function `ssh_gssapi_log_error':
/usr/bin/ld: /usr/lib/x86_64-linux-gnu/libcurl.a(libcurl_la-curl_gssapi.o): in function `display_gss_error':
/usr/bin/ld: (.text+0x11d8): undefined reference to `SSL_get_error'
/usr/bin/ld: (.text+0x1447): undefined reference to `SSL_get_error'
/usr/bin/ld: (.text+0x16a8): undefined reference to `SSL_get_error'
/usr/bin/ld: (.text+0x195d): undefined reference to `SSL_get_error'
/usr/bin/ld: (.text+0x5f27): undefined reference to `SSL_get_error'
/usr/bin/ld: /usr/lib/x86_64-linux-gnu/libcurl.a(libcurl_la-curl_gssapi.o): in function `display_gss_error':
/usr/bin/ld: /usr/lib/x86_64-linux-gnu/libssh.a(gssapi.c.o): in function `ssh_gssapi_log_error':
collect2: error: ld returned 1 exit status
make[2]: *** [examples/CMakeFiles/friendly_example_client.dir/build.make:1074: examples/friendly_example_client] Error 1
make[1]: *** [CMakeFiles/Makefile2:1492: examples/CMakeFiles/friendly_example_client.dir/all] Error 2
collect2: error: ld returned 1 exit status
make[2]: *** [CMakeFiles/test_firmware_update_object.dir/build.make:127: test_firmware_update_object] Error 1
make[1]: *** [CMakeFiles/Makefile2:1354: CMakeFiles/test_firmware_update_object.dir/all] Error 2
make: *** [Makefile:166: all] Error 2
