error: Your local changes to the following files would be overwritten by checkout:
  396 |         WPP_LOGD(TAG, "HTTP probe timeout or error");
  523 |         WPP_LOGD(TAG, "TCP probe timeout or error");
/mnt/d/Dev/Friendly-LwM2M-Client/wpp/registry/objects/w_10535_lan_configuration/LanConfiguration.cpp:26:27: error: ‘class wpp::WppRegistry’ has no member named ‘lanConfiguration’
/mnt/d/Dev/Friendly-LwM2M-Client/wpp/registry/objects/w_10535_lan_configuration/LanConfiguration.cpp:30:37: error: ‘class wpp::WppRegistry’ has no member named ‘lanConfiguration’
/mnt/d/Dev/Friendly-LwM2M-Client/wpp/registry/objects/w_10535_lan_configuration/LanConfiguration.cpp:36:37: error: ‘class wpp::WppRegistry’ has no member named ‘lanConfiguration’
/mnt/d/Dev/Friendly-LwM2M-Client/wpp/registry/objects/w_10535_lan_configuration/LanConfiguration.cpp:42:27: error: ‘class wpp::WppRegistry’ has no member named ‘lanConfiguration’
make[2]: *** [CMakeFiles/friendly_lwm2m.dir/build.make:485: CMakeFiles/friendly_lwm2m.dir/wpp/registry/objects/w_10535_lan_configuration/LanConfiguration.cpp.o] Error 1
[ 60%] Building C object examples/CMakeFiles/friendly_example_client.dir/__/2305-Wakaama/libs/tinycbor/src/cborerrorstrings.c.o
/mnt/d/Dev/Friendly-LwM2M-Client/wpp/registry/objects/w_10537_vpn_configuration/VpnConfiguration.cpp:29:27: error: ‘class wpp::WppRegistry’ has no member named ‘vpnConfiguration’
/mnt/d/Dev/Friendly-LwM2M-Client/wpp/registry/objects/w_10537_vpn_configuration/VpnConfiguration.cpp:33:37: error: ‘class wpp::WppRegistry’ has no member named ‘vpnConfiguration’
/mnt/d/Dev/Friendly-LwM2M-Client/wpp/registry/objects/w_10537_vpn_configuration/VpnConfiguration.cpp:39:37: error: ‘class wpp::WppRegistry’ has no member named ‘vpnConfiguration’
/mnt/d/Dev/Friendly-LwM2M-Client/wpp/registry/objects/w_10537_vpn_configuration/VpnConfiguration.cpp:45:27: error: ‘class wpp::WppRegistry’ has no member named ‘vpnConfiguration’
make[2]: *** [CMakeFiles/friendly_lwm2m.dir/build.make:513: CMakeFiles/friendly_lwm2m.dir/wpp/registry/objects/w_10537_vpn_configuration/VpnConfiguration.cpp.o] Error 1
/mnt/d/Dev/Friendly-LwM2M-Client/wpp/registry/WppRegistry.cpp:282:10: error: no declaration matches ‘wpp::Object& wpp::WppRegistry::lanConfiguration()’
/mnt/d/Dev/Friendly-LwM2M-Client/wpp/registry/WppRegistry.cpp:292:10: error: no declaration matches ‘wpp::Object& wpp::WppRegistry::vpnConfiguration()’
make[2]: *** [examples/CMakeFiles/friendly_example_client.dir/build.make:737: examples/CMakeFiles/friendly_example_client.dir/__/wpp/registry/WppRegistry.cpp.o] Error 1
make[1]: *** [CMakeFiles/Makefile2:1492: examples/CMakeFiles/friendly_example_client.dir/all] Error 2
make[1]: *** [CMakeFiles/Makefile2:1226: CMakeFiles/friendly_lwm2m.dir/all] Error 2
make: *** [Makefile:166: all] Error 2
