error: Your local changes to the following files would be overwritten by checkout:
  396 |         WPP_LOGD(TAG, "HTTP probe timeout or error");
  523 |         WPP_LOGD(TAG, "TCP probe timeout or error");
[ 60%] Building C object examples/CMakeFiles/friendly_example_client.dir/__/2305-Wakaama/libs/tinycbor/src/cborerrorstrings.c.o
/mnt/d/Dev/Friendly-LwM2M-Client/wpp/registry/objects/w_10533_zigbee_device/ZigbeeDevice.cpp:76:9: error: ‘Json’ has not been declared
/mnt/d/Dev/Friendly-LwM2M-Client/wpp/registry/objects/w_10533_zigbee_device/ZigbeeDevice.cpp:77:9: error: ‘Json’ has not been declared
/mnt/d/Dev/Friendly-LwM2M-Client/wpp/registry/objects/w_10533_zigbee_device/ZigbeeDevice.cpp:79:14: error: ‘Json’ has not been declared
   79 |         if (!Json::parseFromStream(builder, file, &root, &errors)) {
/mnt/d/Dev/Friendly-LwM2M-Client/wpp/registry/objects/w_10533_zigbee_device/ZigbeeDevice.cpp:79:36: error: ‘builder’ was not declared in this scope
   79 |         if (!Json::parseFromStream(builder, file, &root, &errors)) {
/mnt/d/Dev/Friendly-LwM2M-Client/wpp/registry/objects/w_10533_zigbee_device/ZigbeeDevice.cpp:79:52: error: ‘root’ was not declared in this scope
   79 |         if (!Json::parseFromStream(builder, file, &root, &errors)) {
/mnt/d/Dev/Friendly-LwM2M-Client/wpp/registry/objects/w_10533_zigbee_device/ZigbeeDevice.cpp:89:13: error: ‘root’ was not declared in this scope
/mnt/d/Dev/Friendly-LwM2M-Client/wpp/registry/objects/w_10533_zigbee_device/ZigbeeDevice.cpp:132:26: error: ‘F_OK’ was not declared in this scope
/mnt/d/Dev/Friendly-LwM2M-Client/wpp/registry/objects/w_10533_zigbee_device/ZigbeeDevice.cpp:132:13: error: ‘access’ was not declared in this scope
/mnt/d/Dev/Friendly-LwM2M-Client/wpp/registry/objects/w_10533_zigbee_device/ZigbeeDevice.cpp:200:23: error: ‘instance’ is not a member of ‘wpp::WppTaskQueue’
/mnt/d/Dev/Friendly-LwM2M-Client/wpp/registry/objects/w_10533_zigbee_device/ZigbeeDevice.cpp:304:35: error: ‘instance’ is not a member of ‘wpp::WppTaskQueue’
/mnt/d/Dev/Friendly-LwM2M-Client/wpp/registry/objects/w_10533_zigbee_device/ZigbeeDevice.cpp:522:5: error: ‘item’ was not declared in this scope; did you mean ‘tm’?
/mnt/d/Dev/Friendly-LwM2M-Client/wpp/registry/objects/w_10533_zigbee_device/ZigbeeDevice.cpp:545:13: error: ‘item’ was not declared in this scope; did you mean ‘tm’?
/mnt/d/Dev/Friendly-LwM2M-Client/wpp/registry/objects/w_10533_zigbee_device/ZigbeeDevice.cpp:580:36: error: ‘item’ was not declared in this scope; did you mean ‘tm’?
/mnt/d/Dev/Friendly-LwM2M-Client/wpp/registry/objects/w_10533_zigbee_device/ZigbeeDevice.cpp:581:29: error: ‘item’ was not declared in this scope; did you mean ‘tm’?
/mnt/d/Dev/Friendly-LwM2M-Client/wpp/registry/objects/w_10533_zigbee_device/ZigbeeDevice.cpp:582:33: error: ‘item’ was not declared in this scope; did you mean ‘tm’?
/mnt/d/Dev/Friendly-LwM2M-Client/wpp/registry/objects/w_10533_zigbee_device/ZigbeeDevice.cpp:583:9: error: ‘item’ was not declared in this scope; did you mean ‘tm’?
/mnt/d/Dev/Friendly-LwM2M-Client/wpp/registry/objects/w_10533_zigbee_device/ZigbeeDevice.cpp:593:5: error: ‘item’ was not declared in this scope; did you mean ‘tm’?
/mnt/d/Dev/Friendly-LwM2M-Client/wpp/registry/objects/w_10533_zigbee_device/ZigbeeDevice.cpp:598:23: error: ‘item’ was not declared in this scope; did you mean ‘tm’?
make[2]: *** [CMakeFiles/friendly_lwm2m.dir/build.make:457: CMakeFiles/friendly_lwm2m.dir/wpp/registry/objects/w_10533_zigbee_device/ZigbeeDevice.cpp.o] Error 1
make[1]: *** [CMakeFiles/Makefile2:1226: CMakeFiles/friendly_lwm2m.dir/all] Error 2
  798 |                         coap_error_code = coap_block2_handler(&peerP->blockData, message->mid, message->payload, message->payload_len, block2_size, block2_num, block2_more, &complete_buffer, &complete_buffer_size);
/usr/bin/ld: /usr/lib/x86_64-linux-gnu/libssh.a(gssapi.c.o): in function `ssh_gssapi_log_error':
/usr/bin/ld: (.text+0x12f): undefined reference to `ZSTD_isError'
/usr/bin/ld: (.text+0x3d5): undefined reference to `BrotliDecoderGetErrorCode'
/usr/bin/ld: (.text+0x367): undefined reference to `nghttp2_strerror'
/usr/bin/ld: (.text+0x8de): undefined reference to `nghttp2_strerror'
/usr/bin/ld: (.text+0xf7d): undefined reference to `nghttp2_http2_strerror'
(.text+0x129d): undefined reference to `nghttp2_http2_strerror'
/usr/bin/ld: (.text+0x204e): undefined reference to `nghttp2_strerror'
/usr/bin/ld: (.text+0x2074): undefined reference to `nghttp2_strerror'
/usr/bin/ld: (.text+0x2434): undefined reference to `nghttp2_strerror'
/usr/bin/ld: (.text+0x26d3): undefined reference to `nghttp2_session_callbacks_set_error_callback'
/usr/bin/ld: (.text+0x2a23): undefined reference to `nghttp2_strerror'
/usr/bin/ld: (.text+0x2a5f): undefined reference to `nghttp2_strerror'
/usr/bin/ld: (.text+0x2a8b): undefined reference to `nghttp2_strerror'
/usr/bin/ld: (.text+0x391e): undefined reference to `nghttp2_strerror'
/usr/bin/ld: (.text+0x1a0): undefined reference to `nghttp2_strerror'
(.text+0x499): undefined reference to `nghttp2_http2_strerror'
/usr/bin/ld: (.text+0x5fd): undefined reference to `nghttp2_strerror'
/usr/bin/ld: (.text+0xd0f): undefined reference to `nghttp2_http2_strerror'
/usr/bin/ld: (.text+0x2e62): undefined reference to `nghttp2_strerror'
/usr/bin/ld: (.text+0x3101): undefined reference to `nghttp2_strerror'
/usr/bin/ld: (.text+0x31b2): undefined reference to `nghttp2_strerror'
/usr/bin/ld: (.text+0x31d1): undefined reference to `nghttp2_strerror'
/usr/bin/ld: /usr/lib/x86_64-linux-gnu/libcurl.a(libcurl_la-curl_gssapi.o): in function `display_gss_error':
collect2: error: ld returned 1 exit status
make[2]: *** [examples/CMakeFiles/friendly_example_client.dir/build.make:1070: examples/friendly_example_client] Error 1
make[1]: *** [CMakeFiles/Makefile2:1492: examples/CMakeFiles/friendly_example_client.dir/all] Error 2
make: *** [Makefile:166: all] Error 2
